<?xml version="1.0" encoding="ISO-8859-1" ?>
<link_info>
   <banner>TI ARM Linker PC v18.12.1.LTS</banner>
   <copyright>Copyright (c) 1996-2018 Texas Instruments Incorporated</copyright>
   <link_time>0x5e00fa8d</link_time>
   <link_errors>0x0</link_errors>
   <output_file>rm48_can_boot.out</output_file>
   <entry_point>
      <name>_c_int00</name>
      <address>0x8720</address>
   </entry_point>
   <input_file_list>
      <input_file id="fl-2">
         <path>.\RM48\source\</path>
         <kind>object</kind>
         <file>can.obj</file>
         <name>can.obj</name>
      </input_file>
      <input_file id="fl-3">
         <path>.\RM48\source\</path>
         <kind>object</kind>
         <file>dabort.obj</file>
         <name>dabort.obj</name>
      </input_file>
      <input_file id="fl-4">
         <path>.\RM48\source\</path>
         <kind>object</kind>
         <file>dcc.obj</file>
         <name>dcc.obj</name>
      </input_file>
      <input_file id="fl-5">
         <path>.\RM48\source\</path>
         <kind>object</kind>
         <file>emac.obj</file>
         <name>emac.obj</name>
      </input_file>
      <input_file id="fl-6">
         <path>.\RM48\source\</path>
         <kind>object</kind>
         <file>errata_SSWF021_45.obj</file>
         <name>errata_SSWF021_45.obj</name>
      </input_file>
      <input_file id="fl-7">
         <path>.\RM48\source\</path>
         <kind>object</kind>
         <file>esm.obj</file>
         <name>esm.obj</name>
      </input_file>
      <input_file id="fl-8">
         <path>.\RM48\source\</path>
         <kind>object</kind>
         <file>gio.obj</file>
         <name>gio.obj</name>
      </input_file>
      <input_file id="fl-9">
         <path>.\RM48\source\</path>
         <kind>object</kind>
         <file>mdio.obj</file>
         <name>mdio.obj</name>
      </input_file>
      <input_file id="fl-a">
         <path>.\RM48\source\</path>
         <kind>object</kind>
         <file>notification.obj</file>
         <name>notification.obj</name>
      </input_file>
      <input_file id="fl-b">
         <path>.\RM48\source\</path>
         <kind>object</kind>
         <file>phy_dp83640.obj</file>
         <name>phy_dp83640.obj</name>
      </input_file>
      <input_file id="fl-c">
         <path>.\RM48\source\</path>
         <kind>object</kind>
         <file>pinmux.obj</file>
         <name>pinmux.obj</name>
      </input_file>
      <input_file id="fl-d">
         <path>.\RM48\source\</path>
         <kind>object</kind>
         <file>rti.obj</file>
         <name>rti.obj</name>
      </input_file>
      <input_file id="fl-e">
         <path>.\RM48\source\</path>
         <kind>object</kind>
         <file>sci.obj</file>
         <name>sci.obj</name>
      </input_file>
      <input_file id="fl-f">
         <path>.\RM48\source\</path>
         <kind>object</kind>
         <file>spi.obj</file>
         <name>spi.obj</name>
      </input_file>
      <input_file id="fl-10">
         <path>.\RM48\source\</path>
         <kind>object</kind>
         <file>sys_core.obj</file>
         <name>sys_core.obj</name>
      </input_file>
      <input_file id="fl-11">
         <path>.\RM48\source\</path>
         <kind>object</kind>
         <file>sys_dma.obj</file>
         <name>sys_dma.obj</name>
      </input_file>
      <input_file id="fl-12">
         <path>.\RM48\source\</path>
         <kind>object</kind>
         <file>sys_intvecs.obj</file>
         <name>sys_intvecs.obj</name>
      </input_file>
      <input_file id="fl-13">
         <path>.\RM48\source\</path>
         <kind>object</kind>
         <file>sys_mpu.obj</file>
         <name>sys_mpu.obj</name>
      </input_file>
      <input_file id="fl-14">
         <path>.\RM48\source\</path>
         <kind>object</kind>
         <file>sys_pcr.obj</file>
         <name>sys_pcr.obj</name>
      </input_file>
      <input_file id="fl-15">
         <path>.\RM48\source\</path>
         <kind>object</kind>
         <file>sys_phantom.obj</file>
         <name>sys_phantom.obj</name>
      </input_file>
      <input_file id="fl-16">
         <path>.\RM48\source\</path>
         <kind>object</kind>
         <file>sys_pmm.obj</file>
         <name>sys_pmm.obj</name>
      </input_file>
      <input_file id="fl-17">
         <path>.\RM48\source\</path>
         <kind>object</kind>
         <file>sys_pmu.obj</file>
         <name>sys_pmu.obj</name>
      </input_file>
      <input_file id="fl-18">
         <path>.\RM48\source\</path>
         <kind>object</kind>
         <file>sys_selftest.obj</file>
         <name>sys_selftest.obj</name>
      </input_file>
      <input_file id="fl-19">
         <path>.\RM48\source\</path>
         <kind>object</kind>
         <file>sys_startup.obj</file>
         <name>sys_startup.obj</name>
      </input_file>
      <input_file id="fl-1a">
         <path>.\RM48\source\</path>
         <kind>object</kind>
         <file>sys_vim.obj</file>
         <name>sys_vim.obj</name>
      </input_file>
      <input_file id="fl-1b">
         <path>.\RM48\source\</path>
         <kind>object</kind>
         <file>system.obj</file>
         <name>system.obj</name>
      </input_file>
      <input_file id="fl-1c">
         <path>.\source\</path>
         <kind>object</kind>
         <file>Fapi_UserDefinedFunctions.obj</file>
         <name>Fapi_UserDefinedFunctions.obj</name>
      </input_file>
      <input_file id="fl-1d">
         <path>.\source\</path>
         <kind>object</kind>
         <file>bl_check.obj</file>
         <name>bl_check.obj</name>
      </input_file>
      <input_file id="fl-1e">
         <path>.\source\</path>
         <kind>object</kind>
         <file>bl_copySections2SRAM.obj</file>
         <name>bl_copySections2SRAM.obj</name>
      </input_file>
      <input_file id="fl-1f">
         <path>.\source\</path>
         <kind>object</kind>
         <file>bl_dcan.obj</file>
         <name>bl_dcan.obj</name>
      </input_file>
      <input_file id="fl-20">
         <path>.\source\</path>
         <kind>object</kind>
         <file>bl_flash.obj</file>
         <name>bl_flash.obj</name>
      </input_file>
      <input_file id="fl-21">
         <path>.\source\</path>
         <kind>object</kind>
         <file>bl_led_demo.obj</file>
         <name>bl_led_demo.obj</name>
      </input_file>
      <input_file id="fl-22">
         <path>.\source\</path>
         <kind>object</kind>
         <file>bl_main.obj</file>
         <name>bl_main.obj</name>
      </input_file>
      <input_file id="fl-23">
         <path>.\source\</path>
         <kind>object</kind>
         <file>bl_spi.obj</file>
         <name>bl_spi.obj</name>
      </input_file>
      <input_file id="fl-24">
         <path>.\source\</path>
         <kind>object</kind>
         <file>bl_spi_packet.obj</file>
         <name>bl_spi_packet.obj</name>
      </input_file>
      <input_file id="fl-25">
         <path>.\source\</path>
         <kind>object</kind>
         <file>bl_uart.obj</file>
         <name>bl_uart.obj</name>
      </input_file>
      <input_file id="fl-26">
         <path>.\source\</path>
         <kind>object</kind>
         <file>bl_ymodem.obj</file>
         <name>bl_ymodem.obj</name>
      </input_file>
      <input_file id="fl-27">
         <path>.\source\</path>
         <kind>object</kind>
         <file>sci_common.obj</file>
         <name>sci_common.obj</name>
      </input_file>
      <input_file id="fl-28">
         <path>.\source\</path>
         <kind>object</kind>
         <file>sw_hw_ver.obj</file>
         <name>sw_hw_ver.obj</name>
      </input_file>
      <input_file id="fl-29">
         <path>.\source\</path>
         <kind>object</kind>
         <file>ymodem_crc16.obj</file>
         <name>ymodem_crc16.obj</name>
      </input_file>
      <input_file id="fl-2f">
         <kind>object</kind>
         <file>&lt;internal&gt;</file>
         <name>&lt;internal&gt;</name>
      </input_file>
      <input_file id="fl-30">
         <path>c:\ti\Hercules\F021 Flash API\02.01.01\</path>
         <kind>archive</kind>
         <file>F021_API_CortexR4_LE.lib</file>
         <name>Async.WithAddress.obj</name>
      </input_file>
      <input_file id="fl-31">
         <path>c:\ti\Hercules\F021 Flash API\02.01.01\</path>
         <kind>archive</kind>
         <file>F021_API_CortexR4_LE.lib</file>
         <name>FlashStateMachine.EnableMainSectors.obj</name>
      </input_file>
      <input_file id="fl-32">
         <path>c:\ti\Hercules\F021 Flash API\02.01.01\</path>
         <kind>archive</kind>
         <file>F021_API_CortexR4_LE.lib</file>
         <name>FlashStateMachine.InitializeFlashBanks.obj</name>
      </input_file>
      <input_file id="fl-33">
         <path>c:\ti\Hercules\F021 Flash API\02.01.01\</path>
         <kind>archive</kind>
         <file>F021_API_CortexR4_LE.lib</file>
         <name>FlashStateMachine.IssueFsmCommand.obj</name>
      </input_file>
      <input_file id="fl-34">
         <path>c:\ti\Hercules\F021 Flash API\02.01.01\</path>
         <kind>archive</kind>
         <file>F021_API_CortexR4_LE.lib</file>
         <name>FlashStateMachine.ScaleFclk.obj</name>
      </input_file>
      <input_file id="fl-35">
         <path>c:\ti\Hercules\F021 Flash API\02.01.01\</path>
         <kind>archive</kind>
         <file>F021_API_CortexR4_LE.lib</file>
         <name>FlashStateMachine.SetActiveBank.obj</name>
      </input_file>
      <input_file id="fl-36">
         <path>c:\ti\Hercules\F021 Flash API\02.01.01\</path>
         <kind>archive</kind>
         <file>F021_API_CortexR4_LE.lib</file>
         <name>Program.obj</name>
      </input_file>
      <input_file id="fl-37">
         <path>c:\ti\Hercules\F021 Flash API\02.01.01\</path>
         <kind>archive</kind>
         <file>F021_API_CortexR4_LE.lib</file>
         <name>Read.MarginByByte.obj</name>
      </input_file>
      <input_file id="fl-38">
         <path>c:\ti\Hercules\F021 Flash API\02.01.01\</path>
         <kind>archive</kind>
         <file>F021_API_CortexR4_LE.lib</file>
         <name>Read.WdService.obj</name>
      </input_file>
      <input_file id="fl-39">
         <path>c:\ti\Hercules\F021 Flash API\02.01.01\</path>
         <kind>archive</kind>
         <file>F021_API_CortexR4_LE.lib</file>
         <name>Utilities.CalculateEcc.obj</name>
      </input_file>
      <input_file id="fl-3a">
         <path>c:\ti\Hercules\F021 Flash API\02.01.01\</path>
         <kind>archive</kind>
         <file>F021_API_CortexR4_LE.lib</file>
         <name>Utilities.CalculateFletcher.obj</name>
      </input_file>
      <input_file id="fl-3b">
         <path>c:\ti\Hercules\F021 Flash API\02.01.01\</path>
         <kind>archive</kind>
         <file>F021_API_CortexR4_LE.lib</file>
         <name>Utilities.GetNumberOfSectors.obj</name>
      </input_file>
      <input_file id="fl-3c">
         <path>c:\ti\Hercules\F021 Flash API\02.01.01\</path>
         <kind>archive</kind>
         <file>F021_API_CortexR4_LE.lib</file>
         <name>Read.Common.obj</name>
      </input_file>
      <input_file id="fl-3d">
         <path>c:\ti\Hercules\F021 Flash API\02.01.01\</path>
         <kind>archive</kind>
         <file>F021_API_CortexR4_LE.lib</file>
         <name>Read.FlushPipeline.obj</name>
      </input_file>
      <input_file id="fl-3e">
         <path>c:\ti\Hercules\F021 Flash API\02.01.01\</path>
         <kind>archive</kind>
         <file>F021_API_CortexR4_LE.lib</file>
         <name>Utilities.WaitDelay.obj</name>
      </input_file>
      <input_file id="fl-3f">
         <path>c:\ti\Hercules\F021 Flash API\02.01.01\</path>
         <kind>archive</kind>
         <file>F021_API_CortexR4_LE.lib</file>
         <name>FlashStateMachine.Hercules.IsEccAddress.obj</name>
      </input_file>
      <input_file id="fl-f5">
         <path>C:\ti\ccs900\ccs\tools\compiler\ti-cgt-arm_18.12.1.LTS\lib\</path>
         <kind>archive</kind>
         <file>rtsv7R4_A_le_v3D16_eabi.lib</file>
         <name>s_floor.c.obj</name>
      </input_file>
      <input_file id="fl-f6">
         <path>C:\ti\ccs900\ccs\tools\compiler\ti-cgt-arm_18.12.1.LTS\lib\</path>
         <kind>archive</kind>
         <file>rtsv7R4_A_le_v3D16_eabi.lib</file>
         <name>memcpy32.asm.obj</name>
      </input_file>
      <input_file id="fl-f7">
         <path>C:\ti\ccs900\ccs\tools\compiler\ti-cgt-arm_18.12.1.LTS\lib\</path>
         <kind>archive</kind>
         <file>rtsv7R4_A_le_v3D16_eabi.lib</file>
         <name>u_div32.asm.obj</name>
      </input_file>
      <input_file id="fl-f8">
         <path>C:\ti\ccs900\ccs\tools\compiler\ti-cgt-arm_18.12.1.LTS\lib\</path>
         <kind>archive</kind>
         <file>rtsv7R4_A_le_v3D16_eabi.lib</file>
         <name>autoinit.c.obj</name>
      </input_file>
      <input_file id="fl-f9">
         <path>C:\ti\ccs900\ccs\tools\compiler\ti-cgt-arm_18.12.1.LTS\lib\</path>
         <kind>archive</kind>
         <file>rtsv7R4_A_le_v3D16_eabi.lib</file>
         <name>cpy_tbl.c.obj</name>
      </input_file>
      <input_file id="fl-fa">
         <path>C:\ti\ccs900\ccs\tools\compiler\ti-cgt-arm_18.12.1.LTS\lib\</path>
         <kind>archive</kind>
         <file>rtsv7R4_A_le_v3D16_eabi.lib</file>
         <name>copy_zero_init.c.obj</name>
      </input_file>
      <input_file id="fl-fb">
         <path>C:\ti\ccs900\ccs\tools\compiler\ti-cgt-arm_18.12.1.LTS\lib\</path>
         <kind>archive</kind>
         <file>rtsv7R4_A_le_v3D16_eabi.lib</file>
         <name>copy_decompress_none.c.obj</name>
      </input_file>
      <input_file id="fl-fc">
         <path>C:\ti\ccs900\ccs\tools\compiler\ti-cgt-arm_18.12.1.LTS\lib\</path>
         <kind>archive</kind>
         <file>rtsv7R4_A_le_v3D16_eabi.lib</file>
         <name>copy_decompress_lzss.c.obj</name>
      </input_file>
      <input_file id="fl-fd">
         <path>C:\ti\ccs900\ccs\tools\compiler\ti-cgt-arm_18.12.1.LTS\lib\</path>
         <kind>archive</kind>
         <file>rtsv7R4_A_le_v3D16_eabi.lib</file>
         <name>exit.c.obj</name>
      </input_file>
      <input_file id="fl-fe">
         <path>C:\ti\ccs900\ccs\tools\compiler\ti-cgt-arm_18.12.1.LTS\lib\</path>
         <kind>archive</kind>
         <file>rtsv7R4_A_le_v3D16_eabi.lib</file>
         <name>_lock.c.obj</name>
      </input_file>
      <input_file id="fl-ff">
         <path>C:\ti\ccs900\ccs\tools\compiler\ti-cgt-arm_18.12.1.LTS\lib\</path>
         <kind>archive</kind>
         <file>rtsv7R4_A_le_v3D16_eabi.lib</file>
         <name>div0.asm.obj</name>
      </input_file>
      <input_file id="fl-100">
         <path>C:\ti\ccs900\ccs\tools\compiler\ti-cgt-arm_18.12.1.LTS\lib\</path>
         <kind>archive</kind>
         <file>rtsv7R4_A_le_v3D16_eabi.lib</file>
         <name>memset32.asm.obj</name>
      </input_file>
   </input_file_list>
   <object_component_list>
      <object_component id="oc-32">
         <name>.intvecs</name>
         <load_address>0x0</load_address>
         <run_address>0x0</run_address>
         <size>0x20</size>
         <input_file_ref idref="fl-12"/>
      </object_component>
      <object_component id="oc-39d">
         <name>.text</name>
         <load_address>0x20</load_address>
         <run_address>0x8002000</run_address>
         <size>0x8</size>
         <input_file_ref idref="fl-1c"/>
      </object_component>
      <object_component id="oc-207">
         <name>.text</name>
         <load_address>0x28</load_address>
         <run_address>0x8002008</run_address>
         <size>0x6f4</size>
         <input_file_ref idref="fl-20"/>
      </object_component>
      <object_component id="oc-29a">
         <name>.text:Fapi_initializeFlashBanks</name>
         <load_address>0x71c</load_address>
         <run_address>0x80026fc</run_address>
         <size>0x260</size>
         <input_file_ref idref="fl-32"/>
      </object_component>
      <object_component id="oc-2a0">
         <name>.text:Fapi_setActiveFlashBank</name>
         <load_address>0x97c</load_address>
         <run_address>0x800295c</run_address>
         <size>0x17c</size>
         <input_file_ref idref="fl-35"/>
      </object_component>
      <object_component id="oc-2b2">
         <name>.text:Fapi_issueProgrammingCommand</name>
         <load_address>0xaf8</load_address>
         <run_address>0x8002ad8</run_address>
         <size>0x170</size>
         <input_file_ref idref="fl-36"/>
      </object_component>
      <object_component id="oc-2a6">
         <name>.text:Fapi_enableMainBankSectors</name>
         <load_address>0xc68</load_address>
         <run_address>0x8002c48</run_address>
         <size>0x70</size>
         <input_file_ref idref="fl-31"/>
      </object_component>
      <object_component id="oc-349">
         <name>.text:_Fapi_enterMarginMode</name>
         <load_address>0xcd8</load_address>
         <run_address>0x8002cb8</run_address>
         <size>0x68</size>
         <input_file_ref idref="fl-3c"/>
      </object_component>
      <object_component id="oc-305">
         <name>.text:Fapi_calculateFletcherChecksum</name>
         <load_address>0xd40</load_address>
         <run_address>0x8002d20</run_address>
         <size>0x40</size>
         <input_file_ref idref="fl-3a"/>
      </object_component>
      <object_component id="oc-2b8">
         <name>.text:Fapi_doMarginReadByByte</name>
         <load_address>0xd80</load_address>
         <run_address>0x8002d60</run_address>
         <size>0x40</size>
         <input_file_ref idref="fl-37"/>
      </object_component>
      <object_component id="oc-334">
         <name>.text:_Fapi_issueFsmCommand</name>
         <load_address>0xdc0</load_address>
         <run_address>0x8002da0</run_address>
         <size>0x3c</size>
         <input_file_ref idref="fl-33"/>
      </object_component>
      <object_component id="oc-2ac">
         <name>.text:Fapi_issueAsyncCommandWithAddress</name>
         <load_address>0xdfc</load_address>
         <run_address>0x8002ddc</run_address>
         <size>0x30</size>
         <input_file_ref idref="fl-30"/>
      </object_component>
      <object_component id="oc-3b4">
         <name>.text:Fapi_waitDelay</name>
         <load_address>0xe2c</load_address>
         <run_address>0x8002e0c</run_address>
         <size>0x30</size>
         <input_file_ref idref="fl-3e"/>
      </object_component>
      <object_component id="oc-355">
         <name>.text:_Fapi_exitMarginMode</name>
         <load_address>0xe5c</load_address>
         <run_address>0x8002e3c</run_address>
         <size>0x2c</size>
         <input_file_ref idref="fl-3c"/>
      </object_component>
      <object_component id="oc-395">
         <name>.text:Fapi_flushPipeline</name>
         <load_address>0xe88</load_address>
         <run_address>0x8002e68</run_address>
         <size>0x22</size>
         <input_file_ref idref="fl-3d"/>
      </object_component>
      <object_component id="oc-30b">
         <name>.text:_Fapi_divideUnsignedLong</name>
         <load_address>0xeaa</load_address>
         <run_address>0x8002e8a</run_address>
         <size>0x1c</size>
         <input_file_ref idref="fl-32"/>
      </object_component>
      <object_component id="oc-33c">
         <name>.text:Fapi_calculateEcc</name>
         <load_address>0xec8</load_address>
         <run_address>0x8002ea8</run_address>
         <size>0x14</size>
         <input_file_ref idref="fl-39"/>
      </object_component>
      <object_component id="oc-32c">
         <name>.text:Fapi_getNumberOfBankSectors</name>
         <load_address>0xedc</load_address>
         <run_address>0x8002ebc</run_address>
         <size>0x10</size>
         <input_file_ref idref="fl-3b"/>
      </object_component>
      <object_component id="oc-317">
         <name>.text:_scaleEEFclk</name>
         <load_address>0xeec</load_address>
         <run_address>0x8002ecc</run_address>
         <size>0x10</size>
         <input_file_ref idref="fl-34"/>
      </object_component>
      <object_component id="oc-311">
         <name>.text:_scaleMainFclk</name>
         <load_address>0xefc</load_address>
         <run_address>0x8002edc</run_address>
         <size>0x10</size>
         <input_file_ref idref="fl-34"/>
      </object_component>
      <object_component id="oc-34f">
         <name>.text:_Fapi_checkWdService</name>
         <load_address>0xf0c</load_address>
         <run_address>0x8002eec</run_address>
         <size>0xc</size>
         <input_file_ref idref="fl-38"/>
      </object_component>
      <object_component id="oc-3ee">
         <name>.tramp.Fapi_serviceWatchdogTimer.1</name>
         <load_address>0xf18</load_address>
         <run_address>0x8002ef8</run_address>
         <size>0x8</size>
         <input_file_ref idref="fl-1c"/>
      </object_component>
      <object_component id="oc-83">
         <name>.text</name>
         <load_address>0xf20</load_address>
         <run_address>0xf20</run_address>
         <size>0x2cdc</size>
         <input_file_ref idref="fl-18"/>
      </object_component>
      <object_component id="oc-7d">
         <name>.text</name>
         <load_address>0x3bfc</load_address>
         <run_address>0x3bfc</run_address>
         <size>0xb64</size>
         <input_file_ref idref="fl-1b"/>
      </object_component>
      <object_component id="oc-213">
         <name>.text</name>
         <load_address>0x4760</load_address>
         <run_address>0x4760</run_address>
         <size>0xae8</size>
         <input_file_ref idref="fl-2"/>
      </object_component>
      <object_component id="oc-40">
         <name>.text</name>
         <load_address>0x5248</load_address>
         <run_address>0x5248</run_address>
         <size>0x898</size>
         <input_file_ref idref="fl-1a"/>
      </object_component>
      <object_component id="oc-13a">
         <name>.text</name>
         <load_address>0x5ae0</load_address>
         <run_address>0x5ae0</run_address>
         <size>0x800</size>
         <input_file_ref idref="fl-1f"/>
      </object_component>
      <object_component id="oc-128">
         <name>.text</name>
         <load_address>0x62e0</load_address>
         <run_address>0x62e0</run_address>
         <size>0x7b8</size>
         <input_file_ref idref="fl-e"/>
      </object_component>
      <object_component id="oc-12e">
         <name>.text</name>
         <load_address>0x6a98</load_address>
         <run_address>0x6a98</run_address>
         <size>0x768</size>
         <input_file_ref idref="fl-27"/>
      </object_component>
      <object_component id="oc-71">
         <name>.text</name>
         <load_address>0x7200</load_address>
         <run_address>0x7200</run_address>
         <size>0x664</size>
         <input_file_ref idref="fl-6"/>
      </object_component>
      <object_component id="oc-89">
         <name>.text</name>
         <load_address>0x7864</load_address>
         <run_address>0x7864</run_address>
         <size>0x5bc</size>
         <input_file_ref idref="fl-7"/>
      </object_component>
      <object_component id="oc-e2">
         <name>.text</name>
         <load_address>0x7e20</load_address>
         <run_address>0x7e20</run_address>
         <size>0x5b4</size>
         <input_file_ref idref="fl-c"/>
      </object_component>
      <object_component id="oc-6c">
         <name>.text</name>
         <load_address>0x83d4</load_address>
         <run_address>0x83d4</run_address>
         <size>0x34c</size>
         <input_file_ref idref="fl-10"/>
      </object_component>
      <object_component id="oc-1d">
         <name>.text:retain</name>
         <load_address>0x8720</load_address>
         <run_address>0x8720</run_address>
         <size>0x2ac</size>
         <input_file_ref idref="fl-19"/>
      </object_component>
      <object_component id="oc-3d">
         <name>.text:retain</name>
         <load_address>0x89cc</load_address>
         <run_address>0x89cc</run_address>
         <size>0x290</size>
         <input_file_ref idref="fl-1a"/>
      </object_component>
      <object_component id="oc-54">
         <name>.text</name>
         <load_address>0x8c5c</load_address>
         <run_address>0x8c5c</run_address>
         <size>0x180</size>
         <input_file_ref idref="fl-f6"/>
      </object_component>
      <object_component id="oc-90">
         <name>.text</name>
         <load_address>0x8ddc</load_address>
         <run_address>0x8ddc</run_address>
         <size>0x148</size>
         <input_file_ref idref="fl-22"/>
      </object_component>
      <object_component id="oc-98">
         <name>.text</name>
         <load_address>0x8f24</load_address>
         <run_address>0x8f24</run_address>
         <size>0x138</size>
         <input_file_ref idref="fl-a"/>
      </object_component>
      <object_component id="oc-1ef">
         <name>.text:floor</name>
         <load_address>0x905c</load_address>
         <run_address>0x905c</run_address>
         <size>0x134</size>
         <input_file_ref idref="fl-f5"/>
      </object_component>
      <object_component id="oc-29">
         <name>.text:retain</name>
         <load_address>0x9190</load_address>
         <run_address>0x9190</run_address>
         <size>0x114</size>
         <input_file_ref idref="fl-7"/>
      </object_component>
      <object_component id="oc-a7">
         <name>.text</name>
         <load_address>0x92a4</load_address>
         <run_address>0x92a4</run_address>
         <size>0xe8</size>
         <input_file_ref idref="fl-3"/>
      </object_component>
      <object_component id="oc-ea">
         <name>.text</name>
         <load_address>0x938c</load_address>
         <run_address>0x938c</run_address>
         <size>0xe0</size>
         <input_file_ref idref="fl-17"/>
      </object_component>
      <object_component id="oc-134">
         <name>.text</name>
         <load_address>0x946c</load_address>
         <run_address>0x946c</run_address>
         <size>0xd0</size>
         <input_file_ref idref="fl-1d"/>
      </object_component>
      <object_component id="oc-20d">
         <name>.text</name>
         <load_address>0x953c</load_address>
         <run_address>0x953c</run_address>
         <size>0xb8</size>
         <input_file_ref idref="fl-21"/>
      </object_component>
      <object_component id="oc-10">
         <name>.text:decompress:lzss:__TI_decompress_lzss</name>
         <load_address>0x95f4</load_address>
         <run_address>0x95f4</run_address>
         <size>0x90</size>
         <input_file_ref idref="fl-fc"/>
      </object_component>
      <object_component id="oc-f8">
         <name>.text:__TI_auto_init_nobinit_nopinit:__TI_auto_init_nobinit_nopinit</name>
         <load_address>0x9684</load_address>
         <run_address>0x9684</run_address>
         <size>0x68</size>
         <input_file_ref idref="fl-f8"/>
      </object_component>
      <object_component id="oc-1fa">
         <name>.text</name>
         <load_address>0x96ec</load_address>
         <run_address>0x96ec</run_address>
         <size>0x50</size>
         <input_file_ref idref="fl-f7"/>
      </object_component>
      <object_component id="oc-60">
         <name>.text:decompress:ZI:__TI_zero_init_nomemset:__TI_zero_init_nomemset</name>
         <load_address>0x973c</load_address>
         <run_address>0x973c</run_address>
         <size>0x20</size>
         <input_file_ref idref="fl-fa"/>
      </object_component>
      <object_component id="oc-16">
         <name>.text:decompress:none:__TI_decompress_none</name>
         <load_address>0x975c</load_address>
         <run_address>0x975c</run_address>
         <size>0x14</size>
         <input_file_ref idref="fl-fb"/>
      </object_component>
      <object_component id="oc-14c">
         <name>.text:abort:abort</name>
         <load_address>0x9770</load_address>
         <run_address>0x9770</run_address>
         <size>0x8</size>
         <input_file_ref idref="fl-fd"/>
      </object_component>
      <object_component id="oc-37">
         <name>.text:retain</name>
         <load_address>0x9778</load_address>
         <run_address>0x9778</run_address>
         <size>0x4</size>
         <input_file_ref idref="fl-15"/>
      </object_component>
      <object_component id="oc-28e">
         <name>.text</name>
         <load_address>0x977c</load_address>
         <run_address>0x977c</run_address>
         <size>0x4</size>
         <input_file_ref idref="fl-ff"/>
      </object_component>
      <object_component id="oc-77">
         <name>.text</name>
         <load_address>0x9780</load_address>
         <run_address>0x9780</run_address>
         <size>0x4</size>
         <input_file_ref idref="fl-19"/>
      </object_component>
      <object_component id="oc-3f2">
         <name>.tramp.Fapi_BlockErase.1</name>
         <load_address>0x9784</load_address>
         <run_address>0x9784</run_address>
         <size>0x8</size>
         <input_file_ref idref="fl-20"/>
      </object_component>
      <object_component id="oc-3f1">
         <name>.tramp.Fapi_UpdateStatusProgram.1</name>
         <load_address>0x978c</load_address>
         <run_address>0x978c</run_address>
         <size>0x8</size>
         <input_file_ref idref="fl-20"/>
      </object_component>
      <object_component id="oc-3f0">
         <name>.tramp.Fapi_BlockProgram.1</name>
         <load_address>0x9794</load_address>
         <run_address>0x9794</run_address>
         <size>0x8</size>
         <input_file_ref idref="fl-20"/>
      </object_component>
      <object_component id="oc-3ef">
         <name>.tramp.BLInternalFlashStartAddrCheck.1</name>
         <load_address>0x979c</load_address>
         <run_address>0x979c</run_address>
         <size>0x8</size>
         <input_file_ref idref="fl-20"/>
      </object_component>
      <object_component id="oc-2be">
         <name>.const:flash_sector</name>
         <load_address>0x97a8</load_address>
         <run_address>0x8002f00</run_address>
         <size>0x21c</size>
         <input_file_ref idref="fl-20"/>
      </object_component>
      <object_component id="oc-2f">
         <name>.const:s_vim_init</name>
         <load_address>0x99c4</load_address>
         <run_address>0x800311c</run_address>
         <size>0x180</size>
         <input_file_ref idref="fl-1a"/>
      </object_component>
      <object_component id="oc-3ec">
         <name>.cinit..data.load</name>
         <load_address>0x9b48</load_address>
         <run_address>0x9b48</run_address>
         <size>0x11</size>
      </object_component>
      <object_component id="oc-3ea">
         <name>__TI_handler_table</name>
         <load_address>0x9b5c</load_address>
         <run_address>0x9b5c</run_address>
         <size>0xc</size>
      </object_component>
      <object_component id="oc-3ed">
         <name>.cinit..bss.load</name>
         <load_address>0x9b68</load_address>
         <run_address>0x9b68</run_address>
         <size>0x8</size>
      </object_component>
      <object_component id="oc-3eb">
         <name>__TI_cinit_table</name>
         <load_address>0x9b70</load_address>
         <run_address>0x9b70</run_address>
         <size>0x10</size>
      </object_component>
      <object_component id="oc-2c1">
         <name>.data</name>
         <load_address>0x8003414</load_address>
         <run_address>0x8003414</run_address>
         <size>0x4</size>
         <input_file_ref idref="fl-20"/>
      </object_component>
      <object_component id="oc-140">
         <name>.data:g_pulUpdateSuccess</name>
         <load_address>0x80033e4</load_address>
         <run_address>0x80033e4</run_address>
         <size>0x20</size>
         <input_file_ref idref="fl-22"/>
      </object_component>
      <object_component id="oc-202">
         <name>.data</name>
         <load_address>0x800340c</load_address>
         <run_address>0x800340c</run_address>
         <size>0x8</size>
         <input_file_ref idref="fl-22"/>
      </object_component>
      <object_component id="oc-376">
         <name>.data</name>
         <load_address>0x8003404</load_address>
         <run_address>0x8003404</run_address>
         <size>0x8</size>
         <input_file_ref idref="fl-34"/>
      </object_component>
      <object_component id="oc-329">
         <name>.data</name>
         <load_address>0x8003418</load_address>
         <run_address>0x8003418</run_address>
         <size>0x1</size>
         <input_file_ref idref="fl-35"/>
      </object_component>
      <object_component id="oc-1f5">
         <name>.bss:g_sciTransfer_t</name>
         <uninitialized>true</uninitialized>
         <run_address>0x80033a0</run_address>
         <size>0x28</size>
         <input_file_ref idref="fl-e"/>
      </object_component>
      <object_component id="oc-219">
         <name>.bss</name>
         <uninitialized>true</uninitialized>
         <run_address>0x80033d4</run_address>
         <size>0x4</size>
         <input_file_ref idref="fl-1f"/>
      </object_component>
      <object_component id="oc-1ff">
         <name>.bss:num_str$1</name>
         <uninitialized>true</uninitialized>
         <run_address>0x80033c8</run_address>
         <size>0xc</size>
         <input_file_ref idref="fl-27"/>
      </object_component>
      <object_component id="oc-2c4">
         <name>.common:g_ucStartBank</name>
         <uninitialized>true</uninitialized>
         <run_address>0x80033e1</run_address>
         <size>0x1</size>
      </object_component>
      <object_component id="oc-2c7">
         <name>.common:g_ucEndBank</name>
         <uninitialized>true</uninitialized>
         <run_address>0x80033e0</run_address>
         <size>0x1</size>
      </object_component>
      <object_component id="oc-21d">
         <name>.common:g_ulTransferSize</name>
         <uninitialized>true</uninitialized>
         <run_address>0x80033dc</run_address>
         <size>0x4</size>
      </object_component>
      <object_component id="oc-143">
         <name>.common:g_ulTransferAddress</name>
         <uninitialized>true</uninitialized>
         <run_address>0x80033d8</run_address>
         <size>0x4</size>
      </object_component>
      <object_component id="oc-21c">
         <name>.common:g_pulDataBuffer</name>
         <uninitialized>true</uninitialized>
         <run_address>0x80032a0</run_address>
         <size>0x100</size>
      </object_component>
      <object_component id="oc-18a">
         <name>.debug_info</name>
         <load_address>0x0</load_address>
         <run_address>0x0</run_address>
         <size>0x361</size>
         <input_file_ref idref="fl-2"/>
      </object_component>
      <object_component id="oc-215">
         <name>.debug_info</name>
         <load_address>0x361</load_address>
         <run_address>0x361</run_address>
         <size>0x21c0</size>
         <input_file_ref idref="fl-2"/>
      </object_component>
      <object_component id="oc-161">
         <name>.debug_info</name>
         <load_address>0x2521</load_address>
         <run_address>0x2521</run_address>
         <size>0x26b</size>
         <input_file_ref idref="fl-2"/>
      </object_component>
      <object_component id="oc-9f">
         <name>.debug_info</name>
         <load_address>0x278c</load_address>
         <run_address>0x278c</run_address>
         <size>0x157</size>
         <input_file_ref idref="fl-2"/>
      </object_component>
      <object_component id="oc-b4">
         <name>.debug_info</name>
         <load_address>0x28e3</load_address>
         <run_address>0x28e3</run_address>
         <size>0x8b</size>
         <input_file_ref idref="fl-2"/>
      </object_component>
      <object_component id="oc-af">
         <name>.debug_info</name>
         <load_address>0x296e</load_address>
         <run_address>0x296e</run_address>
         <size>0x18c</size>
         <input_file_ref idref="fl-2"/>
      </object_component>
      <object_component id="oc-229">
         <name>.debug_info</name>
         <load_address>0x2afa</load_address>
         <run_address>0x2afa</run_address>
         <size>0x297</size>
         <input_file_ref idref="fl-2"/>
      </object_component>
      <object_component id="oc-147">
         <name>.debug_info</name>
         <load_address>0x2d91</load_address>
         <run_address>0x2d91</run_address>
         <size>0xbb</size>
         <input_file_ref idref="fl-2"/>
      </object_component>
      <object_component id="oc-b9">
         <name>.debug_info</name>
         <load_address>0x2e4c</load_address>
         <run_address>0x2e4c</run_address>
         <size>0x86</size>
         <input_file_ref idref="fl-2"/>
      </object_component>
      <object_component id="oc-1ae">
         <name>.debug_info</name>
         <load_address>0x2ed2</load_address>
         <run_address>0x2ed2</run_address>
         <size>0x437</size>
         <input_file_ref idref="fl-2"/>
      </object_component>
      <object_component id="oc-257">
         <name>.debug_info</name>
         <load_address>0x3309</load_address>
         <run_address>0x3309</run_address>
         <size>0x15f</size>
         <input_file_ref idref="fl-2"/>
      </object_component>
      <object_component id="oc-17f">
         <name>.debug_info</name>
         <load_address>0x3468</load_address>
         <run_address>0x3468</run_address>
         <size>0x2cf</size>
         <input_file_ref idref="fl-2"/>
      </object_component>
      <object_component id="oc-aa">
         <name>.debug_info</name>
         <load_address>0x3737</load_address>
         <run_address>0x3737</run_address>
         <size>0x1bc</size>
         <input_file_ref idref="fl-3"/>
      </object_component>
      <object_component id="oc-2e7">
         <name>.debug_info</name>
         <load_address>0x38f3</load_address>
         <run_address>0x38f3</run_address>
         <size>0x305</size>
         <input_file_ref idref="fl-4"/>
      </object_component>
      <object_component id="oc-36e">
         <name>.debug_info</name>
         <load_address>0x3bf8</load_address>
         <run_address>0x3bf8</run_address>
         <size>0x155</size>
         <input_file_ref idref="fl-4"/>
      </object_component>
      <object_component id="oc-244">
         <name>.debug_info</name>
         <load_address>0x3d4d</load_address>
         <run_address>0x3d4d</run_address>
         <size>0x116</size>
         <input_file_ref idref="fl-4"/>
      </object_component>
      <object_component id="oc-253">
         <name>.debug_info</name>
         <load_address>0x3e63</load_address>
         <run_address>0x3e63</run_address>
         <size>0x661</size>
         <input_file_ref idref="fl-5"/>
      </object_component>
      <object_component id="oc-249">
         <name>.debug_info</name>
         <load_address>0x44c4</load_address>
         <run_address>0x44c4</run_address>
         <size>0x515</size>
         <input_file_ref idref="fl-5"/>
      </object_component>
      <object_component id="oc-16b">
         <name>.debug_info</name>
         <load_address>0x49d9</load_address>
         <run_address>0x49d9</run_address>
         <size>0x435</size>
         <input_file_ref idref="fl-5"/>
      </object_component>
      <object_component id="oc-1cc">
         <name>.debug_info</name>
         <load_address>0x4e0e</load_address>
         <run_address>0x4e0e</run_address>
         <size>0x551</size>
         <input_file_ref idref="fl-5"/>
      </object_component>
      <object_component id="oc-170">
         <name>.debug_info</name>
         <load_address>0x535f</load_address>
         <run_address>0x535f</run_address>
         <size>0x1f9</size>
         <input_file_ref idref="fl-5"/>
      </object_component>
      <object_component id="oc-175">
         <name>.debug_info</name>
         <load_address>0x5558</load_address>
         <run_address>0x5558</run_address>
         <size>0x6a6</size>
         <input_file_ref idref="fl-5"/>
      </object_component>
      <object_component id="oc-17a">
         <name>.debug_info</name>
         <load_address>0x5bfe</load_address>
         <run_address>0x5bfe</run_address>
         <size>0x13e</size>
         <input_file_ref idref="fl-5"/>
      </object_component>
      <object_component id="oc-19a">
         <name>.debug_info</name>
         <load_address>0x5d3c</load_address>
         <run_address>0x5d3c</run_address>
         <size>0x32f</size>
         <input_file_ref idref="fl-6"/>
      </object_component>
      <object_component id="oc-72">
         <name>.debug_info</name>
         <load_address>0x606b</load_address>
         <run_address>0x606b</run_address>
         <size>0x9a8</size>
         <input_file_ref idref="fl-6"/>
      </object_component>
      <object_component id="oc-4f">
         <name>.debug_info</name>
         <load_address>0x6a13</load_address>
         <run_address>0x6a13</run_address>
         <size>0x84</size>
         <input_file_ref idref="fl-6"/>
      </object_component>
      <object_component id="oc-dc">
         <name>.debug_info</name>
         <load_address>0x6a97</load_address>
         <run_address>0x6a97</run_address>
         <size>0x9e7</size>
         <input_file_ref idref="fl-6"/>
      </object_component>
      <object_component id="oc-f7">
         <name>.debug_info</name>
         <load_address>0x747e</load_address>
         <run_address>0x747e</run_address>
         <size>0x387</size>
         <input_file_ref idref="fl-7"/>
      </object_component>
      <object_component id="oc-8a">
         <name>.debug_info</name>
         <load_address>0x7805</load_address>
         <run_address>0x7805</run_address>
         <size>0x15b4</size>
         <input_file_ref idref="fl-7"/>
      </object_component>
      <object_component id="oc-2a">
         <name>.debug_info</name>
         <load_address>0x8db9</load_address>
         <run_address>0x8db9</run_address>
         <size>0x294</size>
         <input_file_ref idref="fl-7"/>
      </object_component>
      <object_component id="oc-166">
         <name>.debug_info</name>
         <load_address>0x904d</load_address>
         <run_address>0x904d</run_address>
         <size>0x1de</size>
         <input_file_ref idref="fl-7"/>
      </object_component>
      <object_component id="oc-f2">
         <name>.debug_info</name>
         <load_address>0x922b</load_address>
         <run_address>0x922b</run_address>
         <size>0x129</size>
         <input_file_ref idref="fl-7"/>
      </object_component>
      <object_component id="oc-159">
         <name>.debug_info</name>
         <load_address>0x9354</load_address>
         <run_address>0x9354</run_address>
         <size>0x5f8</size>
         <input_file_ref idref="fl-a"/>
      </object_component>
      <object_component id="oc-99">
         <name>.debug_info</name>
         <load_address>0x994c</load_address>
         <run_address>0x994c</run_address>
         <size>0x1796</size>
         <input_file_ref idref="fl-a"/>
      </object_component>
      <object_component id="oc-19f">
         <name>.debug_info</name>
         <load_address>0xb0e2</load_address>
         <run_address>0xb0e2</run_address>
         <size>0x60e</size>
         <input_file_ref idref="fl-a"/>
      </object_component>
      <object_component id="oc-1a4">
         <name>.debug_info</name>
         <load_address>0xb6f0</load_address>
         <run_address>0xb6f0</run_address>
         <size>0x4de</size>
         <input_file_ref idref="fl-a"/>
      </object_component>
      <object_component id="oc-1a9">
         <name>.debug_info</name>
         <load_address>0xbbce</load_address>
         <run_address>0xbbce</run_address>
         <size>0x3ce</size>
         <input_file_ref idref="fl-a"/>
      </object_component>
      <object_component id="oc-23a">
         <name>.debug_info</name>
         <load_address>0xbf9c</load_address>
         <run_address>0xbf9c</run_address>
         <size>0x306</size>
         <input_file_ref idref="fl-a"/>
      </object_component>
      <object_component id="oc-23f">
         <name>.debug_info</name>
         <load_address>0xc2a2</load_address>
         <run_address>0xc2a2</run_address>
         <size>0x7cd</size>
         <input_file_ref idref="fl-a"/>
      </object_component>
      <object_component id="oc-15a">
         <name>.debug_info</name>
         <load_address>0xca6f</load_address>
         <run_address>0xca6f</run_address>
         <size>0x673</size>
         <input_file_ref idref="fl-a"/>
      </object_component>
      <object_component id="oc-192">
         <name>.debug_info</name>
         <load_address>0xd0e2</load_address>
         <run_address>0xd0e2</run_address>
         <size>0x2c</size>
         <input_file_ref idref="fl-a"/>
      </object_component>
      <object_component id="oc-1d9">
         <name>.debug_info</name>
         <load_address>0xd10e</load_address>
         <run_address>0xd10e</run_address>
         <size>0x37b</size>
         <input_file_ref idref="fl-a"/>
      </object_component>
      <object_component id="oc-1b3">
         <name>.debug_info</name>
         <load_address>0xd489</load_address>
         <run_address>0xd489</run_address>
         <size>0x1ca</size>
         <input_file_ref idref="fl-a"/>
      </object_component>
      <object_component id="oc-1b8">
         <name>.debug_info</name>
         <load_address>0xd653</load_address>
         <run_address>0xd653</run_address>
         <size>0x3d3</size>
         <input_file_ref idref="fl-a"/>
      </object_component>
      <object_component id="oc-1c2">
         <name>.debug_info</name>
         <load_address>0xda26</load_address>
         <run_address>0xda26</run_address>
         <size>0x1de</size>
         <input_file_ref idref="fl-a"/>
      </object_component>
      <object_component id="oc-224">
         <name>.debug_info</name>
         <load_address>0xdc04</load_address>
         <run_address>0xdc04</run_address>
         <size>0x243</size>
         <input_file_ref idref="fl-a"/>
      </object_component>
      <object_component id="oc-289">
         <name>.debug_info</name>
         <load_address>0xde47</load_address>
         <run_address>0xde47</run_address>
         <size>0x18e</size>
         <input_file_ref idref="fl-a"/>
      </object_component>
      <object_component id="oc-24e">
         <name>.debug_info</name>
         <load_address>0xdfd5</load_address>
         <run_address>0xdfd5</run_address>
         <size>0x26c</size>
         <input_file_ref idref="fl-a"/>
      </object_component>
      <object_component id="oc-1d1">
         <name>.debug_info</name>
         <load_address>0xe241</load_address>
         <run_address>0xe241</run_address>
         <size>0x17a</size>
         <input_file_ref idref="fl-a"/>
      </object_component>
      <object_component id="oc-19c">
         <name>.debug_info</name>
         <load_address>0xe3bb</load_address>
         <run_address>0xe3bb</run_address>
         <size>0x33d</size>
         <input_file_ref idref="fl-c"/>
      </object_component>
      <object_component id="oc-e6">
         <name>.debug_info</name>
         <load_address>0xe6f8</load_address>
         <run_address>0xe6f8</run_address>
         <size>0x386</size>
         <input_file_ref idref="fl-c"/>
      </object_component>
      <object_component id="oc-1bd">
         <name>.debug_info</name>
         <load_address>0xea7e</load_address>
         <run_address>0xea7e</run_address>
         <size>0x3a4</size>
         <input_file_ref idref="fl-c"/>
      </object_component>
      <object_component id="oc-260">
         <name>.debug_info</name>
         <load_address>0xee22</load_address>
         <run_address>0xee22</run_address>
         <size>0x2c7</size>
         <input_file_ref idref="fl-c"/>
      </object_component>
      <object_component id="oc-1f9">
         <name>.debug_info</name>
         <load_address>0xf0e9</load_address>
         <run_address>0xf0e9</run_address>
         <size>0x357</size>
         <input_file_ref idref="fl-e"/>
      </object_component>
      <object_component id="oc-1f6">
         <name>.debug_info</name>
         <load_address>0xf440</load_address>
         <run_address>0xf440</run_address>
         <size>0x15b</size>
         <input_file_ref idref="fl-e"/>
      </object_component>
      <object_component id="oc-12a">
         <name>.debug_info</name>
         <load_address>0xf59b</load_address>
         <run_address>0xf59b</run_address>
         <size>0x175b</size>
         <input_file_ref idref="fl-e"/>
      </object_component>
      <object_component id="oc-284">
         <name>.debug_info</name>
         <load_address>0x10cf6</load_address>
         <run_address>0x10cf6</run_address>
         <size>0x91</size>
         <input_file_ref idref="fl-e"/>
      </object_component>
      <object_component id="oc-6e">
         <name>.debug_info</name>
         <load_address>0x10d87</load_address>
         <run_address>0x10d87</run_address>
         <size>0x1199</size>
         <input_file_ref idref="fl-10"/>
      </object_component>
      <object_component id="oc-33">
         <name>.debug_info</name>
         <load_address>0x11f20</load_address>
         <run_address>0x11f20</run_address>
         <size>0x1c4</size>
         <input_file_ref idref="fl-12"/>
      </object_component>
      <object_component id="oc-265">
         <name>.debug_info</name>
         <load_address>0x120e4</load_address>
         <run_address>0x120e4</run_address>
         <size>0x310</size>
         <input_file_ref idref="fl-14"/>
      </object_component>
      <object_component id="oc-2ec">
         <name>.debug_info</name>
         <load_address>0x123f4</load_address>
         <run_address>0x123f4</run_address>
         <size>0x242</size>
         <input_file_ref idref="fl-14"/>
      </object_component>
      <object_component id="oc-1c7">
         <name>.debug_info</name>
         <load_address>0x12636</load_address>
         <run_address>0x12636</run_address>
         <size>0x2af</size>
         <input_file_ref idref="fl-14"/>
      </object_component>
      <object_component id="oc-38">
         <name>.debug_info</name>
         <load_address>0x128e5</load_address>
         <run_address>0x128e5</run_address>
         <size>0x245</size>
         <input_file_ref idref="fl-15"/>
      </object_component>
      <object_component id="oc-ec">
         <name>.debug_info</name>
         <load_address>0x12b2a</load_address>
         <run_address>0x12b2a</run_address>
         <size>0x767</size>
         <input_file_ref idref="fl-17"/>
      </object_component>
      <object_component id="oc-f0">
         <name>.debug_info</name>
         <load_address>0x13291</load_address>
         <run_address>0x13291</run_address>
         <size>0x6cd</size>
         <input_file_ref idref="fl-18"/>
      </object_component>
      <object_component id="oc-85">
         <name>.debug_info</name>
         <load_address>0x1395e</load_address>
         <run_address>0x1395e</run_address>
         <size>0x4e77</size>
         <input_file_ref idref="fl-18"/>
      </object_component>
      <object_component id="oc-1e">
         <name>.debug_info</name>
         <load_address>0x187d5</load_address>
         <run_address>0x187d5</run_address>
         <size>0x705</size>
         <input_file_ref idref="fl-19"/>
      </object_component>
      <object_component id="oc-78">
         <name>.debug_info</name>
         <load_address>0x18eda</load_address>
         <run_address>0x18eda</run_address>
         <size>0x23e</size>
         <input_file_ref idref="fl-19"/>
      </object_component>
      <object_component id="oc-a6">
         <name>.debug_info</name>
         <load_address>0x19118</load_address>
         <run_address>0x19118</run_address>
         <size>0x4bc</size>
         <input_file_ref idref="fl-1a"/>
      </object_component>
      <object_component id="oc-30">
         <name>.debug_info</name>
         <load_address>0x195d4</load_address>
         <run_address>0x195d4</run_address>
         <size>0x155</size>
         <input_file_ref idref="fl-1a"/>
      </object_component>
      <object_component id="oc-43">
         <name>.debug_info</name>
         <load_address>0x19729</load_address>
         <run_address>0x19729</run_address>
         <size>0x7df</size>
         <input_file_ref idref="fl-1a"/>
      </object_component>
      <object_component id="oc-47">
         <name>.debug_info</name>
         <load_address>0x19f08</load_address>
         <run_address>0x19f08</run_address>
         <size>0x308</size>
         <input_file_ref idref="fl-1a"/>
      </object_component>
      <object_component id="oc-184">
         <name>.debug_info</name>
         <load_address>0x1a210</load_address>
         <run_address>0x1a210</run_address>
         <size>0x4f</size>
         <input_file_ref idref="fl-1a"/>
      </object_component>
      <object_component id="oc-e9">
         <name>.debug_info</name>
         <load_address>0x1a25f</load_address>
         <run_address>0x1a25f</run_address>
         <size>0x57a</size>
         <input_file_ref idref="fl-1b"/>
      </object_component>
      <object_component id="oc-7e">
         <name>.debug_info</name>
         <load_address>0x1a7d9</load_address>
         <run_address>0x1a7d9</run_address>
         <size>0xed2</size>
         <input_file_ref idref="fl-1b"/>
      </object_component>
      <object_component id="oc-368">
         <name>.debug_info</name>
         <load_address>0x1b6ab</load_address>
         <run_address>0x1b6ab</run_address>
         <size>0x3c5</size>
         <input_file_ref idref="fl-1c"/>
      </object_component>
      <object_component id="oc-39e">
         <name>.debug_info</name>
         <load_address>0x1ba70</load_address>
         <run_address>0x1ba70</run_address>
         <size>0x25a</size>
         <input_file_ref idref="fl-1c"/>
      </object_component>
      <object_component id="oc-2cf">
         <name>.debug_info</name>
         <load_address>0x1bcca</load_address>
         <run_address>0x1bcca</run_address>
         <size>0xe57</size>
         <input_file_ref idref="fl-1c"/>
      </object_component>
      <object_component id="oc-2d4">
         <name>.debug_info</name>
         <load_address>0x1cb21</load_address>
         <run_address>0x1cb21</run_address>
         <size>0x26d5</size>
         <input_file_ref idref="fl-1c"/>
      </object_component>
      <object_component id="oc-206">
         <name>.debug_info</name>
         <load_address>0x1f1f6</load_address>
         <run_address>0x1f1f6</run_address>
         <size>0x352</size>
         <input_file_ref idref="fl-1d"/>
      </object_component>
      <object_component id="oc-137">
         <name>.debug_info</name>
         <load_address>0x1f548</load_address>
         <run_address>0x1f548</run_address>
         <size>0x337</size>
         <input_file_ref idref="fl-1d"/>
      </object_component>
      <object_component id="oc-21f">
         <name>.debug_info</name>
         <load_address>0x1f87f</load_address>
         <run_address>0x1f87f</run_address>
         <size>0x7b6</size>
         <input_file_ref idref="fl-1f"/>
      </object_component>
      <object_component id="oc-21a">
         <name>.debug_info</name>
         <load_address>0x20035</load_address>
         <run_address>0x20035</run_address>
         <size>0x157</size>
         <input_file_ref idref="fl-1f"/>
      </object_component>
      <object_component id="oc-13c">
         <name>.debug_info</name>
         <load_address>0x2018c</load_address>
         <run_address>0x2018c</run_address>
         <size>0xe57</size>
         <input_file_ref idref="fl-1f"/>
      </object_component>
      <object_component id="oc-2c5">
         <name>.debug_info</name>
         <load_address>0x20fe3</load_address>
         <run_address>0x20fe3</run_address>
         <size>0x680</size>
         <input_file_ref idref="fl-20"/>
      </object_component>
      <object_component id="oc-2bf">
         <name>.debug_info</name>
         <load_address>0x21663</load_address>
         <run_address>0x21663</run_address>
         <size>0x14d</size>
         <input_file_ref idref="fl-20"/>
      </object_component>
      <object_component id="oc-2c2">
         <name>.debug_info</name>
         <load_address>0x217b0</load_address>
         <run_address>0x217b0</run_address>
         <size>0x15b</size>
         <input_file_ref idref="fl-20"/>
      </object_component>
      <object_component id="oc-209">
         <name>.debug_info</name>
         <load_address>0x2190b</load_address>
         <run_address>0x2190b</run_address>
         <size>0x1365</size>
         <input_file_ref idref="fl-20"/>
      </object_component>
      <object_component id="oc-363">
         <name>.debug_info</name>
         <load_address>0x22c70</load_address>
         <run_address>0x22c70</run_address>
         <size>0x11d</size>
         <input_file_ref idref="fl-20"/>
      </object_component>
      <object_component id="oc-20e">
         <name>.debug_info</name>
         <load_address>0x22d8d</load_address>
         <run_address>0x22d8d</run_address>
         <size>0x269</size>
         <input_file_ref idref="fl-21"/>
      </object_component>
      <object_component id="oc-144">
         <name>.debug_info</name>
         <load_address>0x22ff6</load_address>
         <run_address>0x22ff6</run_address>
         <size>0x698</size>
         <input_file_ref idref="fl-22"/>
      </object_component>
      <object_component id="oc-141">
         <name>.debug_info</name>
         <load_address>0x2368e</load_address>
         <run_address>0x2368e</run_address>
         <size>0x158</size>
         <input_file_ref idref="fl-22"/>
      </object_component>
      <object_component id="oc-203">
         <name>.debug_info</name>
         <load_address>0x237e6</load_address>
         <run_address>0x237e6</run_address>
         <size>0x195</size>
         <input_file_ref idref="fl-22"/>
      </object_component>
      <object_component id="oc-91">
         <name>.debug_info</name>
         <load_address>0x2397b</load_address>
         <run_address>0x2397b</run_address>
         <size>0x3ae</size>
         <input_file_ref idref="fl-22"/>
      </object_component>
      <object_component id="oc-201">
         <name>.debug_info</name>
         <load_address>0x23d29</load_address>
         <run_address>0x23d29</run_address>
         <size>0x32d</size>
         <input_file_ref idref="fl-27"/>
      </object_component>
      <object_component id="oc-12f">
         <name>.debug_info</name>
         <load_address>0x24056</load_address>
         <run_address>0x24056</run_address>
         <size>0xda7</size>
         <input_file_ref idref="fl-27"/>
      </object_component>
      <object_component id="oc-33b">
         <name>.debug_info</name>
         <load_address>0x24dfd</load_address>
         <run_address>0x24dfd</run_address>
         <size>0x253</size>
         <input_file_ref idref="fl-30"/>
      </object_component>
      <object_component id="oc-2ad">
         <name>.debug_info</name>
         <load_address>0x25050</load_address>
         <run_address>0x25050</run_address>
         <size>0x24a</size>
         <input_file_ref idref="fl-30"/>
      </object_component>
      <object_component id="oc-31e">
         <name>.debug_info</name>
         <load_address>0x2529a</load_address>
         <run_address>0x2529a</run_address>
         <size>0xe55</size>
         <input_file_ref idref="fl-30"/>
      </object_component>
      <object_component id="oc-382">
         <name>.debug_info</name>
         <load_address>0x260ef</load_address>
         <run_address>0x260ef</run_address>
         <size>0x26d5</size>
         <input_file_ref idref="fl-30"/>
      </object_component>
      <object_component id="oc-37d">
         <name>.debug_info</name>
         <load_address>0x287c4</load_address>
         <run_address>0x287c4</run_address>
         <size>0x1bfe</size>
         <input_file_ref idref="fl-30"/>
      </object_component>
      <object_component id="oc-323">
         <name>.debug_info</name>
         <load_address>0x2a3c2</load_address>
         <run_address>0x2a3c2</run_address>
         <size>0x18b</size>
         <input_file_ref idref="fl-30"/>
      </object_component>
      <object_component id="oc-333">
         <name>.debug_info</name>
         <load_address>0x2a54d</load_address>
         <run_address>0x2a54d</run_address>
         <size>0x266</size>
         <input_file_ref idref="fl-31"/>
      </object_component>
      <object_component id="oc-2a7">
         <name>.debug_info</name>
         <load_address>0x2a7b3</load_address>
         <run_address>0x2a7b3</run_address>
         <size>0x26a</size>
         <input_file_ref idref="fl-31"/>
      </object_component>
      <object_component id="oc-328">
         <name>.debug_info</name>
         <load_address>0x2aa1d</load_address>
         <run_address>0x2aa1d</run_address>
         <size>0x2d4</size>
         <input_file_ref idref="fl-32"/>
      </object_component>
      <object_component id="oc-30d">
         <name>.debug_info</name>
         <load_address>0x2acf1</load_address>
         <run_address>0x2acf1</run_address>
         <size>0x232</size>
         <input_file_ref idref="fl-32"/>
      </object_component>
      <object_component id="oc-29c">
         <name>.debug_info</name>
         <load_address>0x2af23</load_address>
         <run_address>0x2af23</run_address>
         <size>0x3f8</size>
         <input_file_ref idref="fl-32"/>
      </object_component>
      <object_component id="oc-38e">
         <name>.debug_info</name>
         <load_address>0x2b31b</load_address>
         <run_address>0x2b31b</run_address>
         <size>0x218</size>
         <input_file_ref idref="fl-33"/>
      </object_component>
      <object_component id="oc-336">
         <name>.debug_info</name>
         <load_address>0x2b533</load_address>
         <run_address>0x2b533</run_address>
         <size>0x1b7</size>
         <input_file_ref idref="fl-33"/>
      </object_component>
      <object_component id="oc-378">
         <name>.debug_info</name>
         <load_address>0x2b6ea</load_address>
         <run_address>0x2b6ea</run_address>
         <size>0x278</size>
         <input_file_ref idref="fl-34"/>
      </object_component>
      <object_component id="oc-312">
         <name>.debug_info</name>
         <load_address>0x2b962</load_address>
         <run_address>0x2b962</run_address>
         <size>0x1d6</size>
         <input_file_ref idref="fl-34"/>
      </object_component>
      <object_component id="oc-318">
         <name>.debug_info</name>
         <load_address>0x2bb38</load_address>
         <run_address>0x2bb38</run_address>
         <size>0x1ce</size>
         <input_file_ref idref="fl-34"/>
      </object_component>
      <object_component id="oc-32b">
         <name>.debug_info</name>
         <load_address>0x2bd06</load_address>
         <run_address>0x2bd06</run_address>
         <size>0x27c</size>
         <input_file_ref idref="fl-35"/>
      </object_component>
      <object_component id="oc-2a2">
         <name>.debug_info</name>
         <load_address>0x2bf82</load_address>
         <run_address>0x2bf82</run_address>
         <size>0x328</size>
         <input_file_ref idref="fl-35"/>
      </object_component>
      <object_component id="oc-343">
         <name>.debug_info</name>
         <load_address>0x2c2aa</load_address>
         <run_address>0x2c2aa</run_address>
         <size>0x296</size>
         <input_file_ref idref="fl-36"/>
      </object_component>
      <object_component id="oc-2b3">
         <name>.debug_info</name>
         <load_address>0x2c540</load_address>
         <run_address>0x2c540</run_address>
         <size>0x61a</size>
         <input_file_ref idref="fl-36"/>
      </object_component>
      <object_component id="oc-344">
         <name>.debug_info</name>
         <load_address>0x2cb5a</load_address>
         <run_address>0x2cb5a</run_address>
         <size>0x72</size>
         <input_file_ref idref="fl-36"/>
      </object_component>
      <object_component id="oc-35c">
         <name>.debug_info</name>
         <load_address>0x2cbcc</load_address>
         <run_address>0x2cbcc</run_address>
         <size>0x2cd</size>
         <input_file_ref idref="fl-37"/>
      </object_component>
      <object_component id="oc-2ba">
         <name>.debug_info</name>
         <load_address>0x2ce99</load_address>
         <run_address>0x2ce99</run_address>
         <size>0x2fb</size>
         <input_file_ref idref="fl-37"/>
      </object_component>
      <object_component id="oc-3a4">
         <name>.debug_info</name>
         <load_address>0x2d194</load_address>
         <run_address>0x2d194</run_address>
         <size>0x243</size>
         <input_file_ref idref="fl-38"/>
      </object_component>
      <object_component id="oc-350">
         <name>.debug_info</name>
         <load_address>0x2d3d7</load_address>
         <run_address>0x2d3d7</run_address>
         <size>0x1a1</size>
         <input_file_ref idref="fl-38"/>
      </object_component>
      <object_component id="oc-392">
         <name>.debug_info</name>
         <load_address>0x2d578</load_address>
         <run_address>0x2d578</run_address>
         <size>0x212</size>
         <input_file_ref idref="fl-39"/>
      </object_component>
      <object_component id="oc-33d">
         <name>.debug_info</name>
         <load_address>0x2d78a</load_address>
         <run_address>0x2d78a</run_address>
         <size>0x1c9</size>
         <input_file_ref idref="fl-39"/>
      </object_component>
      <object_component id="oc-374">
         <name>.debug_info</name>
         <load_address>0x2d953</load_address>
         <run_address>0x2d953</run_address>
         <size>0x218</size>
         <input_file_ref idref="fl-3a"/>
      </object_component>
      <object_component id="oc-306">
         <name>.debug_info</name>
         <load_address>0x2db6b</load_address>
         <run_address>0x2db6b</run_address>
         <size>0x255</size>
         <input_file_ref idref="fl-3a"/>
      </object_component>
      <object_component id="oc-38a">
         <name>.debug_info</name>
         <load_address>0x2ddc0</load_address>
         <run_address>0x2ddc0</run_address>
         <size>0x213</size>
         <input_file_ref idref="fl-3b"/>
      </object_component>
      <object_component id="oc-32f">
         <name>.debug_info</name>
         <load_address>0x2dfd3</load_address>
         <run_address>0x2dfd3</run_address>
         <size>0x1b0</size>
         <input_file_ref idref="fl-3b"/>
      </object_component>
      <object_component id="oc-39c">
         <name>.debug_info</name>
         <load_address>0x2e183</load_address>
         <run_address>0x2e183</run_address>
         <size>0x281</size>
         <input_file_ref idref="fl-3c"/>
      </object_component>
      <object_component id="oc-357">
         <name>.debug_info</name>
         <load_address>0x2e404</load_address>
         <run_address>0x2e404</run_address>
         <size>0x1a8</size>
         <input_file_ref idref="fl-3c"/>
      </object_component>
      <object_component id="oc-34b">
         <name>.debug_info</name>
         <load_address>0x2e5ac</load_address>
         <run_address>0x2e5ac</run_address>
         <size>0x22f</size>
         <input_file_ref idref="fl-3c"/>
      </object_component>
      <object_component id="oc-3bb">
         <name>.debug_info</name>
         <load_address>0x2e7db</load_address>
         <run_address>0x2e7db</run_address>
         <size>0x236</size>
         <input_file_ref idref="fl-3d"/>
      </object_component>
      <object_component id="oc-398">
         <name>.debug_info</name>
         <load_address>0x2ea11</load_address>
         <run_address>0x2ea11</run_address>
         <size>0x185</size>
         <input_file_ref idref="fl-3d"/>
      </object_component>
      <object_component id="oc-3c2">
         <name>.debug_info</name>
         <load_address>0x2eb96</load_address>
         <run_address>0x2eb96</run_address>
         <size>0x20a</size>
         <input_file_ref idref="fl-3e"/>
      </object_component>
      <object_component id="oc-3b8">
         <name>.debug_info</name>
         <load_address>0x2eda0</load_address>
         <run_address>0x2eda0</run_address>
         <size>0x1d2</size>
         <input_file_ref idref="fl-3e"/>
      </object_component>
      <object_component id="oc-27f">
         <name>.debug_info</name>
         <load_address>0x2ef72</load_address>
         <run_address>0x2ef72</run_address>
         <size>0x293</size>
         <input_file_ref idref="fl-f5"/>
      </object_component>
      <object_component id="oc-1f0">
         <name>.debug_info</name>
         <load_address>0x2f205</load_address>
         <run_address>0x2f205</run_address>
         <size>0x1a4</size>
         <input_file_ref idref="fl-f5"/>
      </object_component>
      <object_component id="oc-2fd">
         <name>.debug_info</name>
         <load_address>0x2f3a9</load_address>
         <run_address>0x2f3a9</run_address>
         <size>0x46</size>
         <input_file_ref idref="fl-f5"/>
      </object_component>
      <object_component id="oc-27a">
         <name>.debug_info</name>
         <load_address>0x2f3ef</load_address>
         <run_address>0x2f3ef</run_address>
         <size>0x39</size>
         <input_file_ref idref="fl-f5"/>
      </object_component>
      <object_component id="oc-55">
         <name>.debug_info</name>
         <load_address>0x2f428</load_address>
         <run_address>0x2f428</run_address>
         <size>0x188</size>
         <input_file_ref idref="fl-f6"/>
      </object_component>
      <object_component id="oc-1fd">
         <name>.debug_info</name>
         <load_address>0x2f5b0</load_address>
         <run_address>0x2f5b0</run_address>
         <size>0x155</size>
         <input_file_ref idref="fl-f7"/>
      </object_component>
      <object_component id="oc-1e1">
         <name>.debug_info</name>
         <load_address>0x2f705</load_address>
         <run_address>0x2f705</run_address>
         <size>0x4b7</size>
         <input_file_ref idref="fl-f8"/>
      </object_component>
      <object_component id="oc-f9">
         <name>.debug_info</name>
         <load_address>0x2fbbc</load_address>
         <run_address>0x2fbbc</run_address>
         <size>0x1aa</size>
         <input_file_ref idref="fl-f8"/>
      </object_component>
      <object_component id="oc-268">
         <name>.debug_info</name>
         <load_address>0x2fd66</load_address>
         <run_address>0x2fd66</run_address>
         <size>0x39</size>
         <input_file_ref idref="fl-f8"/>
      </object_component>
      <object_component id="oc-2f1">
         <name>.debug_info</name>
         <load_address>0x2fd9f</load_address>
         <run_address>0x2fd9f</run_address>
         <size>0x39</size>
         <input_file_ref idref="fl-f8"/>
      </object_component>
      <object_component id="oc-26d">
         <name>.debug_info</name>
         <load_address>0x2fdd8</load_address>
         <run_address>0x2fdd8</run_address>
         <size>0x39</size>
         <input_file_ref idref="fl-f8"/>
      </object_component>
      <object_component id="oc-272">
         <name>.debug_info</name>
         <load_address>0x2fe11</load_address>
         <run_address>0x2fe11</run_address>
         <size>0xcd</size>
         <input_file_ref idref="fl-f8"/>
      </object_component>
      <object_component id="oc-d3">
         <name>.debug_info</name>
         <load_address>0x2fede</load_address>
         <run_address>0x2fede</run_address>
         <size>0x2d3</size>
         <input_file_ref idref="fl-fa"/>
      </object_component>
      <object_component id="oc-63">
         <name>.debug_info</name>
         <load_address>0x301b1</load_address>
         <run_address>0x301b1</run_address>
         <size>0x1c3</size>
         <input_file_ref idref="fl-fa"/>
      </object_component>
      <object_component id="oc-ce">
         <name>.debug_info</name>
         <load_address>0x30374</load_address>
         <run_address>0x30374</run_address>
         <size>0x46</size>
         <input_file_ref idref="fl-fa"/>
      </object_component>
      <object_component id="oc-5f">
         <name>.debug_info</name>
         <load_address>0x303ba</load_address>
         <run_address>0x303ba</run_address>
         <size>0x2a7</size>
         <input_file_ref idref="fl-fb"/>
      </object_component>
      <object_component id="oc-1a">
         <name>.debug_info</name>
         <load_address>0x30661</load_address>
         <run_address>0x30661</run_address>
         <size>0x1d9</size>
         <input_file_ref idref="fl-fb"/>
      </object_component>
      <object_component id="oc-5a">
         <name>.debug_info</name>
         <load_address>0x3083a</load_address>
         <run_address>0x3083a</run_address>
         <size>0x46</size>
         <input_file_ref idref="fl-fb"/>
      </object_component>
      <object_component id="oc-c6">
         <name>.debug_info</name>
         <load_address>0x30880</load_address>
         <run_address>0x30880</run_address>
         <size>0x2c</size>
         <input_file_ref idref="fl-fb"/>
      </object_component>
      <object_component id="oc-c4">
         <name>.debug_info</name>
         <load_address>0x308ac</load_address>
         <run_address>0x308ac</run_address>
         <size>0x2a2</size>
         <input_file_ref idref="fl-fc"/>
      </object_component>
      <object_component id="oc-13">
         <name>.debug_info</name>
         <load_address>0x30b4e</load_address>
         <run_address>0x30b4e</run_address>
         <size>0x254</size>
         <input_file_ref idref="fl-fc"/>
      </object_component>
      <object_component id="oc-4a">
         <name>.debug_info</name>
         <load_address>0x30da2</load_address>
         <run_address>0x30da2</run_address>
         <size>0x60</size>
         <input_file_ref idref="fl-fc"/>
      </object_component>
      <object_component id="oc-18b">
         <name>.debug_info</name>
         <load_address>0x30e02</load_address>
         <run_address>0x30e02</run_address>
         <size>0x46</size>
         <input_file_ref idref="fl-fc"/>
      </object_component>
      <object_component id="oc-bf">
         <name>.debug_info</name>
         <load_address>0x30e48</load_address>
         <run_address>0x30e48</run_address>
         <size>0x39</size>
         <input_file_ref idref="fl-fc"/>
      </object_component>
      <object_component id="oc-14d">
         <name>.debug_info</name>
         <load_address>0x30e81</load_address>
         <run_address>0x30e81</run_address>
         <size>0x126</size>
         <input_file_ref idref="fl-fd"/>
      </object_component>
      <object_component id="oc-28f">
         <name>.debug_info</name>
         <load_address>0x30fa7</load_address>
         <run_address>0x30fa7</run_address>
         <size>0x119</size>
         <input_file_ref idref="fl-ff"/>
      </object_component>
      <object_component id="oc-3f3">
         <name>.debug_info</name>
         <load_address>0x310c0</load_address>
         <run_address>0x310c0</run_address>
         <size>0x28a</size>
      </object_component>
      <object_component id="oc-256">
         <name>.debug_line</name>
         <load_address>0x0</load_address>
         <run_address>0x0</run_address>
         <size>0x20</size>
         <input_file_ref idref="fl-2"/>
      </object_component>
      <object_component id="oc-214">
         <name>.debug_line</name>
         <load_address>0x20</load_address>
         <run_address>0x20</run_address>
         <size>0x432</size>
         <input_file_ref idref="fl-2"/>
      </object_component>
      <object_component id="oc-164">
         <name>.debug_line</name>
         <load_address>0x452</load_address>
         <run_address>0x452</run_address>
         <size>0x6f</size>
         <input_file_ref idref="fl-2"/>
      </object_component>
      <object_component id="oc-a2">
         <name>.debug_line</name>
         <load_address>0x4c1</load_address>
         <run_address>0x4c1</run_address>
         <size>0x89</size>
         <input_file_ref idref="fl-2"/>
      </object_component>
      <object_component id="oc-b7">
         <name>.debug_line</name>
         <load_address>0x54a</load_address>
         <run_address>0x54a</run_address>
         <size>0x20</size>
         <input_file_ref idref="fl-2"/>
      </object_component>
      <object_component id="oc-b2">
         <name>.debug_line</name>
         <load_address>0x56a</load_address>
         <run_address>0x56a</run_address>
         <size>0x84</size>
         <input_file_ref idref="fl-2"/>
      </object_component>
      <object_component id="oc-22c">
         <name>.debug_line</name>
         <load_address>0x5ee</load_address>
         <run_address>0x5ee</run_address>
         <size>0x73</size>
         <input_file_ref idref="fl-2"/>
      </object_component>
      <object_component id="oc-14a">
         <name>.debug_line</name>
         <load_address>0x661</load_address>
         <run_address>0x661</run_address>
         <size>0x70</size>
         <input_file_ref idref="fl-2"/>
      </object_component>
      <object_component id="oc-bc">
         <name>.debug_line</name>
         <load_address>0x6d1</load_address>
         <run_address>0x6d1</run_address>
         <size>0x87</size>
         <input_file_ref idref="fl-2"/>
      </object_component>
      <object_component id="oc-1b1">
         <name>.debug_line</name>
         <load_address>0x758</load_address>
         <run_address>0x758</run_address>
         <size>0x84</size>
         <input_file_ref idref="fl-2"/>
      </object_component>
      <object_component id="oc-25a">
         <name>.debug_line</name>
         <load_address>0x7dc</load_address>
         <run_address>0x7dc</run_address>
         <size>0x80</size>
         <input_file_ref idref="fl-2"/>
      </object_component>
      <object_component id="oc-182">
         <name>.debug_line</name>
         <load_address>0x85c</load_address>
         <run_address>0x85c</run_address>
         <size>0x84</size>
         <input_file_ref idref="fl-2"/>
      </object_component>
      <object_component id="oc-a8">
         <name>.debug_line</name>
         <load_address>0x8e0</load_address>
         <run_address>0x8e0</run_address>
         <size>0xc4</size>
         <input_file_ref idref="fl-3"/>
      </object_component>
      <object_component id="oc-36d">
         <name>.debug_line</name>
         <load_address>0x9a4</load_address>
         <run_address>0x9a4</run_address>
         <size>0x20</size>
         <input_file_ref idref="fl-4"/>
      </object_component>
      <object_component id="oc-371">
         <name>.debug_line</name>
         <load_address>0x9c4</load_address>
         <run_address>0x9c4</run_address>
         <size>0x80</size>
         <input_file_ref idref="fl-4"/>
      </object_component>
      <object_component id="oc-247">
         <name>.debug_line</name>
         <load_address>0xa44</load_address>
         <run_address>0xa44</run_address>
         <size>0x84</size>
         <input_file_ref idref="fl-4"/>
      </object_component>
      <object_component id="oc-2e9">
         <name>.debug_line</name>
         <load_address>0xac8</load_address>
         <run_address>0xac8</run_address>
         <size>0x149</size>
         <input_file_ref idref="fl-5"/>
      </object_component>
      <object_component id="oc-24c">
         <name>.debug_line</name>
         <load_address>0xc11</load_address>
         <run_address>0xc11</run_address>
         <size>0x81</size>
         <input_file_ref idref="fl-5"/>
      </object_component>
      <object_component id="oc-16e">
         <name>.debug_line</name>
         <load_address>0xc92</load_address>
         <run_address>0xc92</run_address>
         <size>0x86</size>
         <input_file_ref idref="fl-5"/>
[...]
      </symbol>
      <symbol id="sm-548">
         <name>checkFlashECC</name>
         <value>0x1c18</value>
         <object_component_ref idref="oc-83"/>
      </symbol>
      <symbol id="sm-549">
         <name>cpuSelfTestFail</name>
         <value>0x1cfc</value>
         <object_component_ref idref="oc-83"/>
      </symbol>
      <symbol id="sm-54a">
         <name>checkPLL1Slip</name>
         <value>0x2d8c</value>
         <object_component_ref idref="oc-83"/>
      </symbol>
      <symbol id="sm-54b">
         <name>mibspi1ParityCheck</name>
         <value>0x2584</value>
         <object_component_ref idref="oc-83"/>
      </symbol>
      <symbol id="sm-54c">
         <name>ccmr4GetConfigValue</name>
         <value>0x35fc</value>
         <object_component_ref idref="oc-83"/>
      </symbol>
      <symbol id="sm-54d">
         <name>htu2ParityCheck</name>
         <value>0x20bc</value>
         <object_component_ref idref="oc-83"/>
      </symbol>
      <symbol id="sm-54e">
         <name>pbistPortTestStatus</name>
         <value>0x1508</value>
         <object_component_ref idref="oc-83"/>
      </symbol>
      <symbol id="sm-54f">
         <name>checkFlashEEPROMECC</name>
         <value>0x2bf4</value>
         <object_component_ref idref="oc-83"/>
      </symbol>
      <symbol id="sm-550">
         <name>pbistGetConfigValue</name>
         <value>0x3370</value>
         <object_component_ref idref="oc-83"/>
      </symbol>
      <symbol id="sm-551">
         <name>vimParityCheck</name>
         <value>0x1d00</value>
         <object_component_ref idref="oc-83"/>
      </symbol>
      <symbol id="sm-552">
         <name>pbistIsTestCompleted</name>
         <value>0x14a8</value>
         <object_component_ref idref="oc-83"/>
      </symbol>
      <symbol id="sm-553">
         <name>disableParity</name>
         <value>0x3a58</value>
         <object_component_ref idref="oc-83"/>
      </symbol>
      <symbol id="sm-554">
         <name>pbistRun</name>
         <value>0x13ac</value>
         <object_component_ref idref="oc-83"/>
      </symbol>
      <symbol id="sm-555">
         <name>pbistFail</name>
         <value>0x32ec</value>
         <object_component_ref idref="oc-83"/>
      </symbol>
      <symbol id="sm-556">
         <name>selftestFailNotification</name>
         <value>0xf20</value>
         <object_component_ref idref="oc-83"/>
      </symbol>
      <symbol id="sm-557">
         <name>errata_PBIST_4</name>
         <value>0x366c</value>
         <object_component_ref idref="oc-83"/>
      </symbol>
      <symbol id="sm-558">
         <name>mibspi3ParityCheck</name>
         <value>0x268c</value>
         <object_component_ref idref="oc-83"/>
      </symbol>
      <symbol id="sm-559">
         <name>efcSelfTest</name>
         <value>0x1694</value>
         <object_component_ref idref="oc-83"/>
      </symbol>
      <symbol id="sm-55a">
         <name>checkB1RAMECC</name>
         <value>0x1a28</value>
         <object_component_ref idref="oc-83"/>
      </symbol>
      <symbol id="sm-55b">
         <name>pbistStop</name>
         <value>0x1478</value>
         <object_component_ref idref="oc-83"/>
      </symbol>
      <symbol id="sm-55c">
         <name>can3ParityCheck</name>
         <value>0x24b0</value>
         <object_component_ref idref="oc-83"/>
      </symbol>
      <symbol id="sm-55d">
         <name>checkRAMAddrParity</name>
         <value>0x2f50</value>
         <object_component_ref idref="oc-83"/>
      </symbol>
      <symbol id="sm-55e">
         <name>mibspi5ParityCheck</name>
         <value>0x27b0</value>
         <object_component_ref idref="oc-83"/>
      </symbol>
      <symbol id="sm-55f">
         <name>checkB0RAMECC</name>
         <value>0x1838</value>
         <object_component_ref idref="oc-83"/>
      </symbol>
      <symbol id="sm-560">
         <name>stcGetConfigValue</name>
         <value>0x34bc</value>
         <object_component_ref idref="oc-83"/>
      </symbol>
      <symbol id="sm-561">
         <name>pbistIsTestPassed</name>
         <value>0x14d4</value>
         <object_component_ref idref="oc-83"/>
      </symbol>
      <symbol id="sm-562">
         <name>checkClockMonitor</name>
         <value>0x2b18</value>
         <object_component_ref idref="oc-83"/>
      </symbol>
      <symbol id="sm-563">
         <name>fmcECCcheck</name>
         <value>0x1798</value>
         <object_component_ref idref="oc-83"/>
      </symbol>
      <symbol id="sm-564">
         <name>fmcBus2Check</name>
         <value>0x175c</value>
         <object_component_ref idref="oc-83"/>
      </symbol>
      <symbol id="sm-565">
         <name>checkRAMUERRTest</name>
         <value>0x305c</value>
         <object_component_ref idref="oc-83"/>
      </symbol>
      <symbol id="sm-566">
         <name>efcStuckZeroTest</name>
         <value>0x15e8</value>
         <object_component_ref idref="oc-83"/>
      </symbol>
      <symbol id="sm-567">
         <name>checkPLL2Slip</name>
         <value>0x2e8c</value>
         <object_component_ref idref="oc-83"/>
      </symbol>
      <symbol id="sm-59b">
         <name>_c_int00</name>
         <value>0x8720</value>
         <object_component_ref idref="oc-1d"/>
      </symbol>
      <symbol id="sm-59c">
         <name>handlePLLLockFail</name>
         <value>0x9780</value>
         <object_component_ref idref="oc-77"/>
      </symbol>
      <symbol id="sm-633">
         <name>vimChannelMap</name>
         <value>0x531c</value>
         <object_component_ref idref="oc-40"/>
      </symbol>
      <symbol id="sm-634">
         <name>vimInit</name>
         <value>0x5248</value>
         <object_component_ref idref="oc-40"/>
      </symbol>
      <symbol id="sm-635">
         <name>vimEnableInterrupt</name>
         <value>0x53c0</value>
         <object_component_ref idref="oc-40"/>
      </symbol>
      <symbol id="sm-636">
         <name>vimDisableInterrupt</name>
         <value>0x5518</value>
         <object_component_ref idref="oc-40"/>
      </symbol>
      <symbol id="sm-637">
         <name>vimGetConfigValue</name>
         <value>0x559c</value>
         <object_component_ref idref="oc-40"/>
      </symbol>
      <symbol id="sm-638">
         <name>vimParityErrorHandler</name>
         <value>0x89cc</value>
         <object_component_ref idref="oc-3d"/>
      </symbol>
      <symbol id="sm-693">
         <name>systemGetConfigValue</name>
         <value>0x3f88</value>
         <object_component_ref idref="oc-7d"/>
      </symbol>
      <symbol id="sm-694">
         <name>trimLPO</name>
         <value>0x3c5c</value>
         <object_component_ref idref="oc-7d"/>
      </symbol>
      <symbol id="sm-695">
         <name>systemInit</name>
         <value>0x3e8c</value>
         <object_component_ref idref="oc-7d"/>
      </symbol>
      <symbol id="sm-696">
         <name>customTrimLPO</name>
         <value>0x4684</value>
         <object_component_ref idref="oc-7d"/>
      </symbol>
      <symbol id="sm-697">
         <name>tcmflashGetConfigValue</name>
         <value>0x439c</value>
         <object_component_ref idref="oc-7d"/>
      </symbol>
      <symbol id="sm-698">
         <name>sramGetConfigValue</name>
         <value>0x4548</value>
         <object_component_ref idref="oc-7d"/>
      </symbol>
      <symbol id="sm-699">
         <name>periphInit</name>
         <value>0x3d10</value>
         <object_component_ref idref="oc-7d"/>
      </symbol>
      <symbol id="sm-69a">
         <name>setupFlash</name>
         <value>0x3cd0</value>
         <object_component_ref idref="oc-7d"/>
      </symbol>
      <symbol id="sm-69b">
         <name>setupPLL</name>
         <value>0x3bfc</value>
         <object_component_ref idref="oc-7d"/>
      </symbol>
      <symbol id="sm-69c">
         <name>mapClocks</name>
         <value>0x3d64</value>
         <object_component_ref idref="oc-7d"/>
      </symbol>
      <symbol id="sm-69d">
         <name>systemPowerDown</name>
         <value>0x3f58</value>
         <object_component_ref idref="oc-7d"/>
      </symbol>
      <symbol id="sm-6b4">
         <name>Fapi_serviceWatchdogTimer</name>
         <value>0x8002000</value>
         <object_component_ref idref="oc-39d"/>
      </symbol>
      <symbol id="sm-6d3">
         <name>CheckForceUpdate</name>
         <value>0x94e0</value>
         <object_component_ref idref="oc-134"/>
      </symbol>
      <symbol id="sm-6d4">
         <name>CheckGPIOForceUpdate</name>
         <value>0x946c</value>
         <object_component_ref idref="oc-134"/>
      </symbol>
      <symbol id="sm-725">
         <name>UpdaterCAN</name>
         <value>0x5e84</value>
         <object_component_ref idref="oc-13a"/>
      </symbol>
      <symbol id="sm-726">
         <name>ConfigureCANDevice</name>
         <value>0x6254</value>
         <object_component_ref idref="oc-13a"/>
      </symbol>
      <symbol id="sm-790">
         <name>g_ucStartBank</name>
         <value>0x80033e1</value>
      </symbol>
      <symbol id="sm-791">
         <name>g_ucEndBank</name>
         <value>0x80033e0</value>
      </symbol>
      <symbol id="sm-792">
         <name>Flash_Erase_Check</name>
         <value>0x8002608</value>
         <object_component_ref idref="oc-207"/>
      </symbol>
      <symbol id="sm-793">
         <name>Fapi_BlockRead</name>
         <value>0x8002654</value>
         <object_component_ref idref="oc-207"/>
      </symbol>
      <symbol id="sm-794">
         <name>Flash_Program_Check</name>
         <value>0x80025b8</value>
         <object_component_ref idref="oc-207"/>
      </symbol>
      <symbol id="sm-795">
         <name>Fapi_Init</name>
         <value>0x8002170</value>
         <object_component_ref idref="oc-207"/>
      </symbol>
      <symbol id="sm-796">
         <name>g_ulBankInitialized</name>
         <value>0x8003414</value>
         <object_component_ref idref="oc-2c1"/>
      </symbol>
      <symbol id="sm-797">
         <name>flash_sector</name>
         <value>0x8002f00</value>
         <object_component_ref idref="oc-2be"/>
      </symbol>
      <symbol id="sm-798">
         <name>Fapi_BlockErase</name>
         <value>0x8002220</value>
         <object_component_ref idref="oc-207"/>
      </symbol>
      <symbol id="sm-799">
         <name>BLInternalFlashSizeGet</name>
         <value>0x8002030</value>
         <object_component_ref idref="oc-207"/>
      </symbol>
      <symbol id="sm-79a">
         <name>Fapi_BlockProgram</name>
         <value>0x8002404</value>
         <object_component_ref idref="oc-207"/>
      </symbol>
      <symbol id="sm-79b">
         <name>Fapi_UpdateStatusProgram</name>
         <value>0x800251c</value>
         <object_component_ref idref="oc-207"/>
      </symbol>
      <symbol id="sm-79c">
         <name>BLInternalFlashStartAddrCheck</name>
         <value>0x8002058</value>
         <object_component_ref idref="oc-207"/>
      </symbol>
      <symbol id="sm-79d">
         <name>BLInternalFlashFirstSectorSizeGet</name>
         <value>0x8002008</value>
         <object_component_ref idref="oc-207"/>
      </symbol>
      <symbol id="sm-7bb">
         <name>run_LED_StartUp</name>
         <value>0x953c</value>
         <object_component_ref idref="oc-20d"/>
      </symbol>
      <symbol id="sm-7ea">
         <name>g_ulTransferSize</name>
         <value>0x80033dc</value>
      </symbol>
      <symbol id="sm-7eb">
         <name>g_ulTransferAddress</name>
         <value>0x80033d8</value>
      </symbol>
      <symbol id="sm-7ec">
         <name>g_pulDataBuffer</name>
         <value>0x80032a0</value>
      </symbol>
      <symbol id="sm-7ed">
         <name>g_ulUpdateStatusAddr</name>
         <value>0x800340c</value>
         <object_component_ref idref="oc-202"/>
      </symbol>
      <symbol id="sm-7ee">
         <name>main</name>
         <value>0x8e14</value>
         <object_component_ref idref="oc-90"/>
      </symbol>
      <symbol id="sm-7ef">
         <name>delay</name>
         <value>0x8ddc</value>
         <object_component_ref idref="oc-90"/>
      </symbol>
      <symbol id="sm-7f0">
         <name>g_pulUpdateSuccess</name>
         <value>0x80033e4</value>
         <object_component_ref idref="oc-140"/>
      </symbol>
      <symbol id="sm-7f1">
         <name>g_ulUpdateBufferSize</name>
         <value>0x8003410</value>
         <object_component_ref idref="oc-202"/>
      </symbol>
      <symbol id="sm-848">
         <name>UART_getChar</name>
         <value>0x6f44</value>
         <object_component_ref idref="oc-12e"/>
      </symbol>
      <symbol id="sm-849">
         <name>UART_txByte</name>
         <value>0x7020</value>
         <object_component_ref idref="oc-12e"/>
      </symbol>
      <symbol id="sm-84a">
         <name>UART_rxByte</name>
         <value>0x6fa8</value>
         <object_component_ref idref="oc-12e"/>
      </symbol>
      <symbol id="sm-84b">
         <name>UART_putChar</name>
         <value>0x71c0</value>
         <object_component_ref idref="oc-12e"/>
      </symbol>
      <symbol id="sm-84c">
         <name>UART_putString</name>
         <value>0x7180</value>
         <object_component_ref idref="oc-12e"/>
      </symbol>
      <symbol id="sm-84d">
         <name>UART_getKey</name>
         <value>0x6f08</value>
         <object_component_ref idref="oc-12e"/>
      </symbol>
      <symbol id="sm-84e">
         <name>Int2Str</name>
         <value>0x6a98</value>
         <object_component_ref idref="oc-12e"/>
      </symbol>
      <symbol id="sm-84f">
         <name>UART_send32BitData</name>
         <value>0x70e0</value>
         <object_component_ref idref="oc-12e"/>
      </symbol>
      <symbol id="sm-850">
         <name>Str2Int</name>
         <value>0x6b8c</value>
         <object_component_ref idref="oc-12e"/>
      </symbol>
      <symbol id="sm-851">
         <name>U32toStr</name>
         <value>0x7054</value>
         <object_component_ref idref="oc-12e"/>
      </symbol>
      <symbol id="sm-878">
         <name>Fapi_issueAsyncCommandWithAddress</name>
         <value>0x8002ddd</value>
         <object_component_ref idref="oc-2ac"/>
      </symbol>
      <symbol id="sm-889">
         <name>Fapi_enableMainBankSectors</name>
         <value>0x8002c49</value>
         <object_component_ref idref="oc-2a6"/>
      </symbol>
      <symbol id="sm-8ac">
         <name>Fapi_initializeFlashBanks</name>
         <value>0x80026fd</value>
         <object_component_ref idref="oc-29a"/>
      </symbol>
      <symbol id="sm-8bb">
         <name>_Fapi_issueFsmCommand</name>
         <value>0x8002da1</value>
         <object_component_ref idref="oc-334"/>
      </symbol>
      <symbol id="sm-8d8">
         <name>_scaleMainFclk</name>
         <value>0x8002edd</value>
         <object_component_ref idref="oc-311"/>
      </symbol>
      <symbol id="sm-8d9">
         <name>_scaleEEFclk</name>
         <value>0x8002ecd</value>
         <object_component_ref idref="oc-317"/>
      </symbol>
      <symbol id="sm-8f3">
         <name>Fapi_setActiveFlashBank</name>
         <value>0x800295d</value>
         <object_component_ref idref="oc-2a0"/>
      </symbol>
      <symbol id="sm-916">
         <name>Fapi_issueProgrammingCommand</name>
         <value>0x8002ad9</value>
         <object_component_ref idref="oc-2b2"/>
      </symbol>
      <symbol id="sm-926">
         <name>Fapi_doMarginReadByByte</name>
         <value>0x8002d61</value>
         <object_component_ref idref="oc-2b8"/>
      </symbol>
      <symbol id="sm-934">
         <name>_Fapi_checkWdService</name>
         <value>0x8002eed</value>
         <object_component_ref idref="oc-34f"/>
      </symbol>
      <symbol id="sm-943">
         <name>Fapi_calculateEcc</name>
         <value>0x8002ea9</value>
         <object_component_ref idref="oc-33c"/>
      </symbol>
      <symbol id="sm-952">
         <name>Fapi_calculateFletcherChecksum</name>
         <value>0x8002d21</value>
         <object_component_ref idref="oc-305"/>
      </symbol>
      <symbol id="sm-961">
         <name>Fapi_getNumberOfBankSectors</name>
         <value>0x8002ebd</value>
         <object_component_ref idref="oc-32c"/>
      </symbol>
      <symbol id="sm-97e">
         <name>_Fapi_enterMarginMode</name>
         <value>0x8002cb9</value>
         <object_component_ref idref="oc-349"/>
      </symbol>
      <symbol id="sm-97f">
         <name>_Fapi_exitMarginMode</name>
         <value>0x8002e3d</value>
         <object_component_ref idref="oc-355"/>
      </symbol>
      <symbol id="sm-98c">
         <name>Fapi_flushPipeline</name>
         <value>0x8002e69</value>
         <object_component_ref idref="oc-395"/>
      </symbol>
      <symbol id="sm-99c">
         <name>Fapi_waitDelay</name>
         <value>0x8002e0d</value>
         <object_component_ref idref="oc-3b4"/>
      </symbol>
      <symbol id="sm-9c1">
         <name>floorl</name>
         <value>0x905c</value>
         <object_component_ref idref="oc-1ef"/>
      </symbol>
      <symbol id="sm-9c2">
         <name>floor</name>
         <value>0x905c</value>
         <object_component_ref idref="oc-1ef"/>
      </symbol>
      <symbol id="sm-9db">
         <name>memcpy</name>
         <value>0x8c5c</value>
         <object_component_ref idref="oc-54"/>
      </symbol>
      <symbol id="sm-9dc">
         <name>__aeabi_memcpy</name>
         <value>0x8c5c</value>
         <object_component_ref idref="oc-54"/>
      </symbol>
      <symbol id="sm-9dd">
         <name>__aeabi_memcpy8</name>
         <value>0x8c5c</value>
         <object_component_ref idref="oc-54"/>
      </symbol>
      <symbol id="sm-9de">
         <name>__aeabi_memcpy4</name>
         <value>0x8c5c</value>
         <object_component_ref idref="oc-54"/>
      </symbol>
      <symbol id="sm-9ea">
         <name>__aeabi_uidivmod</name>
         <value>0x96ec</value>
         <object_component_ref idref="oc-1fa"/>
      </symbol>
      <symbol id="sm-9eb">
         <name>__aeabi_uidiv</name>
         <value>0x96ec</value>
         <object_component_ref idref="oc-1fa"/>
      </symbol>
      <symbol id="sm-a13">
         <name>__TI_auto_init_nobinit_nopinit</name>
         <value>0x9684</value>
         <object_component_ref idref="oc-f8"/>
      </symbol>
      <symbol id="sm-a27">
         <name>__TI_zero_init_nomemset</name>
         <value>0x973c</value>
         <object_component_ref idref="oc-60"/>
      </symbol>
      <symbol id="sm-a3e">
         <name>__TI_decompress_none</name>
         <value>0x975c</value>
         <object_component_ref idref="oc-16"/>
      </symbol>
      <symbol id="sm-a61">
         <name>__TI_decompress_lzss</name>
         <value>0x95f4</value>
         <object_component_ref idref="oc-10"/>
      </symbol>
      <symbol id="sm-a6c">
         <name>C$$EXIT</name>
         <value>0x9770</value>
         <object_component_ref idref="oc-14c"/>
      </symbol>
      <symbol id="sm-a6d">
         <name>abort</name>
         <value>0x9770</value>
         <object_component_ref idref="oc-14c"/>
      </symbol>
      <symbol id="sm-a78">
         <name>__aeabi_idiv0</name>
         <value>0x977c</value>
         <object_component_ref idref="oc-28e"/>
      </symbol>
      <symbol id="sm-a79">
         <name>__aeabi_ldiv0</name>
         <value>0x977c</value>
         <object_component_ref idref="oc-28e"/>
      </symbol>
      <symbol id="sm-a7b">
         <name>__TI_static_base__</name>
         <value>0x0</value>
      </symbol>
      <symbol id="sm-a80">
         <name>SHT$$INIT_ARRAY$$Base</name>
         <value>0x0</value>
      </symbol>
      <symbol id="sm-a81">
         <name>SHT$$INIT_ARRAY$$Limit</name>
         <value>0x0</value>
      </symbol>
      <symbol id="sm-a82">
         <name>_system_post_cinit</name>
         <value>0x0</value>
      </symbol>
   </symbol_table>
   <title>Link successful</title>
</link_info>
