<?xml version="1.0" encoding="ISO-8859-1" ?>
<link_info>
   <banner>TI ARM Linker PC v18.12.1.LTS</banner>
   <copyright>Copyright (c) 1996-2018 Texas Instruments Incorporated</copyright>
   <link_time>0x5de6e565</link_time>
   <link_errors>0x0</link_errors>
   <output_file>ls31_can_boot.out</output_file>
   <entry_point>
      <name>_c_int00</name>
      <address>0x87cc</address>
   </entry_point>
   <input_file_list>
      <input_file id="fl-2">
         <path>.\TMS570LS31x\source\</path>
         <kind>object</kind>
         <file>can.obj</file>
         <name>can.obj</name>
      </input_file>
      <input_file id="fl-3">
         <path>.\TMS570LS31x\source\</path>
         <kind>object</kind>
         <file>dabort.obj</file>
         <name>dabort.obj</name>
      </input_file>
      <input_file id="fl-4">
         <path>.\TMS570LS31x\source\</path>
         <kind>object</kind>
         <file>dcc.obj</file>
         <name>dcc.obj</name>
      </input_file>
      <input_file id="fl-5">
         <path>.\TMS570LS31x\source\</path>
         <kind>object</kind>
         <file>emac.obj</file>
         <name>emac.obj</name>
      </input_file>
      <input_file id="fl-6">
         <path>.\TMS570LS31x\source\</path>
         <kind>object</kind>
         <file>errata_SSWF021_45.obj</file>
         <name>errata_SSWF021_45.obj</name>
      </input_file>
      <input_file id="fl-7">
         <path>.\TMS570LS31x\source\</path>
         <kind>object</kind>
         <file>esm.obj</file>
         <name>esm.obj</name>
      </input_file>
      <input_file id="fl-8">
         <path>.\TMS570LS31x\source\</path>
         <kind>object</kind>
         <file>gio.obj</file>
         <name>gio.obj</name>
      </input_file>
      <input_file id="fl-9">
         <path>.\TMS570LS31x\source\</path>
         <kind>object</kind>
         <file>mdio.obj</file>
         <name>mdio.obj</name>
      </input_file>
      <input_file id="fl-a">
         <path>.\TMS570LS31x\source\</path>
         <kind>object</kind>
         <file>notification.obj</file>
         <name>notification.obj</name>
      </input_file>
      <input_file id="fl-b">
         <path>.\TMS570LS31x\source\</path>
         <kind>object</kind>
         <file>phy_dp83640.obj</file>
         <name>phy_dp83640.obj</name>
      </input_file>
      <input_file id="fl-c">
         <path>.\TMS570LS31x\source\</path>
         <kind>object</kind>
         <file>pinmux.obj</file>
         <name>pinmux.obj</name>
      </input_file>
      <input_file id="fl-d">
         <path>.\TMS570LS31x\source\</path>
         <kind>object</kind>
         <file>rti.obj</file>
         <name>rti.obj</name>
      </input_file>
      <input_file id="fl-e">
         <path>.\TMS570LS31x\source\</path>
         <kind>object</kind>
         <file>sci.obj</file>
         <name>sci.obj</name>
      </input_file>
      <input_file id="fl-f">
         <path>.\TMS570LS31x\source\</path>
         <kind>object</kind>
         <file>spi.obj</file>
         <name>spi.obj</name>
      </input_file>
      <input_file id="fl-10">
         <path>.\TMS570LS31x\source\</path>
         <kind>object</kind>
         <file>sys_core.obj</file>
         <name>sys_core.obj</name>
      </input_file>
      <input_file id="fl-11">
         <path>.\TMS570LS31x\source\</path>
         <kind>object</kind>
         <file>sys_dma.obj</file>
         <name>sys_dma.obj</name>
      </input_file>
      <input_file id="fl-12">
         <path>.\TMS570LS31x\source\</path>
         <kind>object</kind>
         <file>sys_intvecs.obj</file>
         <name>sys_intvecs.obj</name>
      </input_file>
      <input_file id="fl-13">
         <path>.\TMS570LS31x\source\</path>
         <kind>object</kind>
         <file>sys_mpu.obj</file>
         <name>sys_mpu.obj</name>
      </input_file>
      <input_file id="fl-14">
         <path>.\TMS570LS31x\source\</path>
         <kind>object</kind>
         <file>sys_pcr.obj</file>
         <name>sys_pcr.obj</name>
      </input_file>
      <input_file id="fl-15">
         <path>.\TMS570LS31x\source\</path>
         <kind>object</kind>
         <file>sys_phantom.obj</file>
         <name>sys_phantom.obj</name>
      </input_file>
      <input_file id="fl-16">
         <path>.\TMS570LS31x\source\</path>
         <kind>object</kind>
         <file>sys_pmm.obj</file>
         <name>sys_pmm.obj</name>
      </input_file>
      <input_file id="fl-17">
         <path>.\TMS570LS31x\source\</path>
         <kind>object</kind>
         <file>sys_pmu.obj</file>
         <name>sys_pmu.obj</name>
      </input_file>
      <input_file id="fl-18">
         <path>.\TMS570LS31x\source\</path>
         <kind>object</kind>
         <file>sys_selftest.obj</file>
         <name>sys_selftest.obj</name>
      </input_file>
      <input_file id="fl-19">
         <path>.\TMS570LS31x\source\</path>
         <kind>object</kind>
         <file>sys_startup.obj</file>
         <name>sys_startup.obj</name>
      </input_file>
      <input_file id="fl-1a">
         <path>.\TMS570LS31x\source\</path>
         <kind>object</kind>
         <file>sys_vim.obj</file>
         <name>sys_vim.obj</name>
      </input_file>
      <input_file id="fl-1b">
         <path>.\TMS570LS31x\source\</path>
         <kind>object</kind>
         <file>system.obj</file>
         <name>system.obj</name>
      </input_file>
      <input_file id="fl-1c">
         <path>.\source\</path>
         <kind>object</kind>
         <file>Fapi_UserDefinedFunctions.obj</file>
         <name>Fapi_UserDefinedFunctions.obj</name>
      </input_file>
      <input_file id="fl-1d">
         <path>.\source\</path>
         <kind>object</kind>
         <file>bl_check.obj</file>
         <name>bl_check.obj</name>
      </input_file>
      <input_file id="fl-1e">
         <path>.\source\</path>
         <kind>object</kind>
         <file>bl_copySections2SRAM.obj</file>
         <name>bl_copySections2SRAM.obj</name>
      </input_file>
      <input_file id="fl-1f">
         <path>.\source\</path>
         <kind>object</kind>
         <file>bl_dcan.obj</file>
         <name>bl_dcan.obj</name>
      </input_file>
      <input_file id="fl-20">
         <path>.\source\</path>
         <kind>object</kind>
         <file>bl_flash.obj</file>
         <name>bl_flash.obj</name>
      </input_file>
      <input_file id="fl-21">
         <path>.\source\</path>
         <kind>object</kind>
         <file>bl_led_demo.obj</file>
         <name>bl_led_demo.obj</name>
      </input_file>
      <input_file id="fl-22">
         <path>.\source\</path>
         <kind>object</kind>
         <file>bl_main.obj</file>
         <name>bl_main.obj</name>
      </input_file>
      <input_file id="fl-23">
         <path>.\source\</path>
         <kind>object</kind>
         <file>bl_spi.obj</file>
         <name>bl_spi.obj</name>
      </input_file>
      <input_file id="fl-24">
         <path>.\source\</path>
         <kind>object</kind>
         <file>bl_spi_packet.obj</file>
         <name>bl_spi_packet.obj</name>
      </input_file>
      <input_file id="fl-25">
         <path>.\source\</path>
         <kind>object</kind>
         <file>bl_uart.obj</file>
         <name>bl_uart.obj</name>
      </input_file>
      <input_file id="fl-26">
         <path>.\source\</path>
         <kind>object</kind>
         <file>bl_ymodem.obj</file>
         <name>bl_ymodem.obj</name>
      </input_file>
      <input_file id="fl-27">
         <path>.\source\</path>
         <kind>object</kind>
         <file>sci_common.obj</file>
         <name>sci_common.obj</name>
      </input_file>
      <input_file id="fl-28">
         <path>.\source\</path>
         <kind>object</kind>
         <file>sw_hw_ver.obj</file>
         <name>sw_hw_ver.obj</name>
      </input_file>
      <input_file id="fl-29">
         <path>.\source\</path>
         <kind>object</kind>
         <file>ymodem_crc16.obj</file>
         <name>ymodem_crc16.obj</name>
      </input_file>
      <input_file id="fl-2f">
         <kind>object</kind>
         <file>&lt;internal&gt;</file>
         <name>&lt;internal&gt;</name>
      </input_file>
      <input_file id="fl-30">
         <path>c:\ti\Hercules\F021 Flash API\02.01.01\</path>
         <kind>archive</kind>
         <file>F021_API_CortexR4_BE.lib</file>
         <name>Async.WithAddress.obj</name>
      </input_file>
      <input_file id="fl-31">
         <path>c:\ti\Hercules\F021 Flash API\02.01.01\</path>
         <kind>archive</kind>
         <file>F021_API_CortexR4_BE.lib</file>
         <name>FlashStateMachine.EnableMainSectors.obj</name>
      </input_file>
      <input_file id="fl-32">
         <path>c:\ti\Hercules\F021 Flash API\02.01.01\</path>
         <kind>archive</kind>
         <file>F021_API_CortexR4_BE.lib</file>
         <name>FlashStateMachine.InitializeFlashBanks.obj</name>
      </input_file>
      <input_file id="fl-33">
         <path>c:\ti\Hercules\F021 Flash API\02.01.01\</path>
         <kind>archive</kind>
         <file>F021_API_CortexR4_BE.lib</file>
         <name>FlashStateMachine.IssueFsmCommand.obj</name>
      </input_file>
      <input_file id="fl-34">
         <path>c:\ti\Hercules\F021 Flash API\02.01.01\</path>
         <kind>archive</kind>
         <file>F021_API_CortexR4_BE.lib</file>
         <name>FlashStateMachine.ScaleFclk.obj</name>
      </input_file>
      <input_file id="fl-35">
         <path>c:\ti\Hercules\F021 Flash API\02.01.01\</path>
         <kind>archive</kind>
         <file>F021_API_CortexR4_BE.lib</file>
         <name>FlashStateMachine.SetActiveBank.obj</name>
      </input_file>
      <input_file id="fl-36">
         <path>c:\ti\Hercules\F021 Flash API\02.01.01\</path>
         <kind>archive</kind>
         <file>F021_API_CortexR4_BE.lib</file>
         <name>Program.obj</name>
      </input_file>
      <input_file id="fl-37">
         <path>c:\ti\Hercules\F021 Flash API\02.01.01\</path>
         <kind>archive</kind>
         <file>F021_API_CortexR4_BE.lib</file>
         <name>Read.MarginByByte.obj</name>
      </input_file>
      <input_file id="fl-38">
         <path>c:\ti\Hercules\F021 Flash API\02.01.01\</path>
         <kind>archive</kind>
         <file>F021_API_CortexR4_BE.lib</file>
         <name>Read.WdService.obj</name>
      </input_file>
      <input_file id="fl-39">
         <path>c:\ti\Hercules\F021 Flash API\02.01.01\</path>
         <kind>archive</kind>
         <file>F021_API_CortexR4_BE.lib</file>
         <name>Utilities.CalculateEcc.obj</name>
      </input_file>
      <input_file id="fl-3a">
         <path>c:\ti\Hercules\F021 Flash API\02.01.01\</path>
         <kind>archive</kind>
         <file>F021_API_CortexR4_BE.lib</file>
         <name>Utilities.CalculateFletcher.obj</name>
      </input_file>
      <input_file id="fl-3b">
         <path>c:\ti\Hercules\F021 Flash API\02.01.01\</path>
         <kind>archive</kind>
         <file>F021_API_CortexR4_BE.lib</file>
         <name>Utilities.GetNumberOfSectors.obj</name>
      </input_file>
      <input_file id="fl-3c">
         <path>c:\ti\Hercules\F021 Flash API\02.01.01\</path>
         <kind>archive</kind>
         <file>F021_API_CortexR4_BE.lib</file>
         <name>Read.Common.obj</name>
      </input_file>
      <input_file id="fl-3d">
         <path>c:\ti\Hercules\F021 Flash API\02.01.01\</path>
         <kind>archive</kind>
         <file>F021_API_CortexR4_BE.lib</file>
         <name>Read.FlushPipeline.obj</name>
      </input_file>
      <input_file id="fl-3e">
         <path>c:\ti\Hercules\F021 Flash API\02.01.01\</path>
         <kind>archive</kind>
         <file>F021_API_CortexR4_BE.lib</file>
         <name>Utilities.WaitDelay.obj</name>
      </input_file>
      <input_file id="fl-3f">
         <path>c:\ti\Hercules\F021 Flash API\02.01.01\</path>
         <kind>archive</kind>
         <file>F021_API_CortexR4_BE.lib</file>
         <name>FlashStateMachine.Hercules.IsEccAddress.obj</name>
      </input_file>
      <input_file id="fl-40">
         <path>C:\ti\ccs900\ccs\tools\compiler\ti-cgt-arm_18.12.1.LTS\lib\</path>
         <kind>archive</kind>
         <file>rtsv7R4_T_be_v3D16_eabi.lib</file>
         <name>s_floor.c.obj</name>
      </input_file>
      <input_file id="fl-41">
         <path>C:\ti\ccs900\ccs\tools\compiler\ti-cgt-arm_18.12.1.LTS\lib\</path>
         <kind>archive</kind>
         <file>rtsv7R4_T_be_v3D16_eabi.lib</file>
         <name>memcpy_t2.asm.obj</name>
      </input_file>
      <input_file id="fl-42">
         <path>C:\ti\ccs900\ccs\tools\compiler\ti-cgt-arm_18.12.1.LTS\lib\</path>
         <kind>archive</kind>
         <file>rtsv7R4_T_be_v3D16_eabi.lib</file>
         <name>u_div32.asm.obj</name>
      </input_file>
      <input_file id="fl-43">
         <path>C:\ti\ccs900\ccs\tools\compiler\ti-cgt-arm_18.12.1.LTS\lib\</path>
         <kind>archive</kind>
         <file>rtsv7R4_T_be_v3D16_eabi.lib</file>
         <name>autoinit.c.obj</name>
      </input_file>
      <input_file id="fl-44">
         <path>C:\ti\ccs900\ccs\tools\compiler\ti-cgt-arm_18.12.1.LTS\lib\</path>
         <kind>archive</kind>
         <file>rtsv7R4_T_be_v3D16_eabi.lib</file>
         <name>cpy_tbl.c.obj</name>
      </input_file>
      <input_file id="fl-45">
         <path>C:\ti\ccs900\ccs\tools\compiler\ti-cgt-arm_18.12.1.LTS\lib\</path>
         <kind>archive</kind>
         <file>rtsv7R4_T_be_v3D16_eabi.lib</file>
         <name>copy_zero_init.c.obj</name>
      </input_file>
      <input_file id="fl-46">
         <path>C:\ti\ccs900\ccs\tools\compiler\ti-cgt-arm_18.12.1.LTS\lib\</path>
         <kind>archive</kind>
         <file>rtsv7R4_T_be_v3D16_eabi.lib</file>
         <name>copy_decompress_none.c.obj</name>
      </input_file>
      <input_file id="fl-47">
         <path>C:\ti\ccs900\ccs\tools\compiler\ti-cgt-arm_18.12.1.LTS\lib\</path>
         <kind>archive</kind>
         <file>rtsv7R4_T_be_v3D16_eabi.lib</file>
         <name>copy_decompress_lzss.c.obj</name>
      </input_file>
      <input_file id="fl-48">
         <path>C:\ti\ccs900\ccs\tools\compiler\ti-cgt-arm_18.12.1.LTS\lib\</path>
         <kind>archive</kind>
         <file>rtsv7R4_T_be_v3D16_eabi.lib</file>
         <name>exit.c.obj</name>
      </input_file>
      <input_file id="fl-49">
         <path>C:\ti\ccs900\ccs\tools\compiler\ti-cgt-arm_18.12.1.LTS\lib\</path>
         <kind>archive</kind>
         <file>rtsv7R4_T_be_v3D16_eabi.lib</file>
         <name>_lock.c.obj</name>
      </input_file>
      <input_file id="fl-4a">
         <path>C:\ti\ccs900\ccs\tools\compiler\ti-cgt-arm_18.12.1.LTS\lib\</path>
         <kind>archive</kind>
         <file>rtsv7R4_T_be_v3D16_eabi.lib</file>
         <name>div0.asm.obj</name>
      </input_file>
      <input_file id="fl-4b">
         <path>C:\ti\ccs900\ccs\tools\compiler\ti-cgt-arm_18.12.1.LTS\lib\</path>
         <kind>archive</kind>
         <file>rtsv7R4_T_be_v3D16_eabi.lib</file>
         <name>memset_t2.asm.obj</name>
      </input_file>
   </input_file_list>
   <object_component_list>
      <object_component id="oc-32">
         <name>.intvecs</name>
         <load_address>0x0</load_address>
         <run_address>0x0</run_address>
         <size>0x20</size>
         <input_file_ref idref="fl-12"/>
      </object_component>
      <object_component id="oc-3a7">
         <name>.text</name>
         <load_address>0x20</load_address>
         <run_address>0x8002000</run_address>
         <size>0x8</size>
         <input_file_ref idref="fl-1c"/>
      </object_component>
      <object_component id="oc-207">
         <name>.text</name>
         <load_address>0x28</load_address>
         <run_address>0x8002008</run_address>
         <size>0x6f4</size>
         <input_file_ref idref="fl-20"/>
      </object_component>
      <object_component id="oc-29d">
         <name>.text:Fapi_initializeFlashBanks</name>
         <load_address>0x71c</load_address>
         <run_address>0x80026fc</run_address>
         <size>0x260</size>
         <input_file_ref idref="fl-32"/>
      </object_component>
      <object_component id="oc-2a3">
         <name>.text:Fapi_setActiveFlashBank</name>
         <load_address>0x97c</load_address>
         <run_address>0x800295c</run_address>
         <size>0x17c</size>
         <input_file_ref idref="fl-35"/>
      </object_component>
      <object_component id="oc-2b5">
         <name>.text:Fapi_issueProgrammingCommand</name>
         <load_address>0xaf8</load_address>
         <run_address>0x8002ad8</run_address>
         <size>0x178</size>
         <input_file_ref idref="fl-36"/>
      </object_component>
      <object_component id="oc-2a9">
         <name>.text:Fapi_enableMainBankSectors</name>
         <load_address>0xc70</load_address>
         <run_address>0x8002c50</run_address>
         <size>0x70</size>
         <input_file_ref idref="fl-31"/>
      </object_component>
      <object_component id="oc-351">
         <name>.text:_Fapi_enterMarginMode</name>
         <load_address>0xce0</load_address>
         <run_address>0x8002cc0</run_address>
         <size>0x68</size>
         <input_file_ref idref="fl-3c"/>
      </object_component>
      <object_component id="oc-2bb">
         <name>.text:Fapi_doMarginReadByByte</name>
         <load_address>0xd48</load_address>
         <run_address>0x8002d28</run_address>
         <size>0x40</size>
         <input_file_ref idref="fl-37"/>
      </object_component>
      <object_component id="oc-33c">
         <name>.text:_Fapi_issueFsmCommand</name>
         <load_address>0xd88</load_address>
         <run_address>0x8002d68</run_address>
         <size>0x3c</size>
         <input_file_ref idref="fl-33"/>
      </object_component>
      <object_component id="oc-30d">
         <name>.text:Fapi_calculateFletcherChecksum</name>
         <load_address>0xdc4</load_address>
         <run_address>0x8002da4</run_address>
         <size>0x36</size>
         <input_file_ref idref="fl-3a"/>
      </object_component>
      <object_component id="oc-2af">
         <name>.text:Fapi_issueAsyncCommandWithAddress</name>
         <load_address>0xdfc</load_address>
         <run_address>0x8002ddc</run_address>
         <size>0x30</size>
         <input_file_ref idref="fl-30"/>
      </object_component>
      <object_component id="oc-3be">
         <name>.text:Fapi_waitDelay</name>
         <load_address>0xe2c</load_address>
         <run_address>0x8002e0c</run_address>
         <size>0x30</size>
         <input_file_ref idref="fl-3e"/>
      </object_component>
      <object_component id="oc-35d">
         <name>.text:_Fapi_exitMarginMode</name>
         <load_address>0xe5c</load_address>
         <run_address>0x8002e3c</run_address>
         <size>0x2c</size>
         <input_file_ref idref="fl-3c"/>
      </object_component>
      <object_component id="oc-39f">
         <name>.text:Fapi_flushPipeline</name>
         <load_address>0xe88</load_address>
         <run_address>0x8002e68</run_address>
         <size>0x22</size>
         <input_file_ref idref="fl-3d"/>
      </object_component>
      <object_component id="oc-313">
         <name>.text:_Fapi_divideUnsignedLong</name>
         <load_address>0xeaa</load_address>
         <run_address>0x8002e8a</run_address>
         <size>0x1c</size>
         <input_file_ref idref="fl-32"/>
      </object_component>
      <object_component id="oc-344">
         <name>.text:Fapi_calculateEcc</name>
         <load_address>0xec8</load_address>
         <run_address>0x8002ea8</run_address>
         <size>0x14</size>
         <input_file_ref idref="fl-39"/>
      </object_component>
      <object_component id="oc-334">
         <name>.text:Fapi_getNumberOfBankSectors</name>
         <load_address>0xedc</load_address>
         <run_address>0x8002ebc</run_address>
         <size>0x10</size>
         <input_file_ref idref="fl-3b"/>
      </object_component>
      <object_component id="oc-31f">
         <name>.text:_scaleEEFclk</name>
         <load_address>0xeec</load_address>
         <run_address>0x8002ecc</run_address>
         <size>0x10</size>
         <input_file_ref idref="fl-34"/>
      </object_component>
      <object_component id="oc-319">
         <name>.text:_scaleMainFclk</name>
         <load_address>0xefc</load_address>
         <run_address>0x8002edc</run_address>
         <size>0x10</size>
         <input_file_ref idref="fl-34"/>
      </object_component>
      <object_component id="oc-357">
         <name>.text:_Fapi_checkWdService</name>
         <load_address>0xf0c</load_address>
         <run_address>0x8002eec</run_address>
         <size>0xc</size>
         <input_file_ref idref="fl-38"/>
      </object_component>
      <object_component id="oc-3f8">
         <name>.tramp.Fapi_serviceWatchdogTimer.1</name>
         <load_address>0xf18</load_address>
         <run_address>0x8002ef8</run_address>
         <size>0x8</size>
         <input_file_ref idref="fl-1c"/>
      </object_component>
      <object_component id="oc-83">
         <name>.text</name>
         <load_address>0xf20</load_address>
         <run_address>0xf20</run_address>
         <size>0x2cdc</size>
         <input_file_ref idref="fl-18"/>
      </object_component>
      <object_component id="oc-7d">
         <name>.text</name>
         <load_address>0x3bfc</load_address>
         <run_address>0x3bfc</run_address>
         <size>0xb64</size>
         <input_file_ref idref="fl-1b"/>
      </object_component>
      <object_component id="oc-213">
         <name>.text</name>
         <load_address>0x4760</load_address>
         <run_address>0x4760</run_address>
         <size>0xb04</size>
         <input_file_ref idref="fl-2"/>
      </object_component>
      <object_component id="oc-40">
         <name>.text</name>
         <load_address>0x5264</load_address>
         <run_address>0x5264</run_address>
         <size>0x898</size>
         <input_file_ref idref="fl-1a"/>
      </object_component>
      <object_component id="oc-13a">
         <name>.text</name>
         <load_address>0x5afc</load_address>
         <run_address>0x5afc</run_address>
         <size>0x814</size>
         <input_file_ref idref="fl-1f"/>
      </object_component>
      <object_component id="oc-128">
         <name>.text</name>
         <load_address>0x6310</load_address>
         <run_address>0x6310</run_address>
         <size>0x7b8</size>
         <input_file_ref idref="fl-e"/>
      </object_component>
      <object_component id="oc-12e">
         <name>.text</name>
         <load_address>0x6ac8</load_address>
         <run_address>0x6ac8</run_address>
         <size>0x768</size>
         <input_file_ref idref="fl-27"/>
      </object_component>
      <object_component id="oc-71">
         <name>.text</name>
         <load_address>0x7230</load_address>
         <run_address>0x7230</run_address>
         <size>0x664</size>
         <input_file_ref idref="fl-6"/>
      </object_component>
      <object_component id="oc-e2">
         <name>.text</name>
         <load_address>0x7894</load_address>
         <run_address>0x7894</run_address>
         <size>0x630</size>
         <input_file_ref idref="fl-c"/>
      </object_component>
      <object_component id="oc-89">
         <name>.text</name>
         <load_address>0x7ec4</load_address>
         <run_address>0x7ec4</run_address>
         <size>0x5bc</size>
         <input_file_ref idref="fl-7"/>
      </object_component>
      <object_component id="oc-6c">
         <name>.text</name>
         <load_address>0x8480</load_address>
         <run_address>0x8480</run_address>
         <size>0x34c</size>
         <input_file_ref idref="fl-10"/>
      </object_component>
      <object_component id="oc-1d">
         <name>.text:retain</name>
         <load_address>0x87cc</load_address>
         <run_address>0x87cc</run_address>
         <size>0x2ac</size>
         <input_file_ref idref="fl-19"/>
      </object_component>
      <object_component id="oc-3d">
         <name>.text:retain</name>
         <load_address>0x8a78</load_address>
         <run_address>0x8a78</run_address>
         <size>0x290</size>
         <input_file_ref idref="fl-1a"/>
      </object_component>
      <object_component id="oc-90">
         <name>.text</name>
         <load_address>0x8d08</load_address>
         <run_address>0x8d08</run_address>
         <size>0x148</size>
         <input_file_ref idref="fl-22"/>
      </object_component>
      <object_component id="oc-98">
         <name>.text</name>
         <load_address>0x8e50</load_address>
         <run_address>0x8e50</run_address>
         <size>0x138</size>
         <input_file_ref idref="fl-a"/>
      </object_component>
      <object_component id="oc-29">
         <name>.text:retain</name>
         <load_address>0x8f88</load_address>
         <run_address>0x8f88</run_address>
         <size>0x114</size>
         <input_file_ref idref="fl-7"/>
      </object_component>
      <object_component id="oc-a7">
         <name>.text</name>
         <load_address>0x909c</load_address>
         <run_address>0x909c</run_address>
         <size>0xe8</size>
         <input_file_ref idref="fl-3"/>
      </object_component>
      <object_component id="oc-1ef">
         <name>.text:floor</name>
         <load_address>0x9184</load_address>
         <run_address>0x9184</run_address>
         <size>0xe0</size>
         <input_file_ref idref="fl-40"/>
      </object_component>
      <object_component id="oc-ea">
         <name>.text</name>
         <load_address>0x9264</load_address>
         <run_address>0x9264</run_address>
         <size>0xe0</size>
         <input_file_ref idref="fl-17"/>
      </object_component>
      <object_component id="oc-134">
         <name>.text</name>
         <load_address>0x9344</load_address>
         <run_address>0x9344</run_address>
         <size>0xd0</size>
         <input_file_ref idref="fl-1d"/>
      </object_component>
      <object_component id="oc-20d">
         <name>.text</name>
         <load_address>0x9414</load_address>
         <run_address>0x9414</run_address>
         <size>0xb8</size>
         <input_file_ref idref="fl-21"/>
      </object_component>
      <object_component id="oc-54">
         <name>.text</name>
         <load_address>0x94cc</load_address>
         <run_address>0x94cc</run_address>
         <size>0x9c</size>
         <input_file_ref idref="fl-41"/>
      </object_component>
      <object_component id="oc-10">
         <name>.text:decompress:lzss:__TI_decompress_lzss</name>
         <load_address>0x9568</load_address>
         <run_address>0x9568</run_address>
         <size>0x6c</size>
         <input_file_ref idref="fl-47"/>
      </object_component>
      <object_component id="oc-1fa">
         <name>.text</name>
         <load_address>0x95d4</load_address>
         <run_address>0x95d4</run_address>
         <size>0x50</size>
         <input_file_ref idref="fl-42"/>
      </object_component>
      <object_component id="oc-f8">
         <name>.text:__TI_auto_init_nobinit_nopinit:__TI_auto_init_nobinit_nopinit</name>
         <load_address>0x9624</load_address>
         <run_address>0x9624</run_address>
         <size>0x44</size>
         <input_file_ref idref="fl-43"/>
      </object_component>
      <object_component id="oc-60">
         <name>.text:decompress:ZI:__TI_zero_init_nomemset:__TI_zero_init_nomemset</name>
         <load_address>0x9668</load_address>
         <run_address>0x9668</run_address>
         <size>0x12</size>
         <input_file_ref idref="fl-45"/>
      </object_component>
      <object_component id="oc-16">
         <name>.text:decompress:none:__TI_decompress_none</name>
         <load_address>0x967a</load_address>
         <run_address>0x967a</run_address>
         <size>0xe</size>
         <input_file_ref idref="fl-46"/>
      </object_component>
      <object_component id="oc-14c">
         <name>.text:abort:abort</name>
         <load_address>0x9688</load_address>
         <run_address>0x9688</run_address>
         <size>0x4</size>
         <input_file_ref idref="fl-48"/>
      </object_component>
      <object_component id="oc-37">
         <name>.text:retain</name>
         <load_address>0x968c</load_address>
         <run_address>0x968c</run_address>
         <size>0x4</size>
         <input_file_ref idref="fl-15"/>
      </object_component>
      <object_component id="oc-77">
         <name>.text</name>
         <load_address>0x9690</load_address>
         <run_address>0x9690</run_address>
         <size>0x4</size>
         <input_file_ref idref="fl-19"/>
      </object_component>
      <object_component id="oc-291">
         <name>.text</name>
         <load_address>0x9694</load_address>
         <run_address>0x9694</run_address>
         <size>0x2</size>
         <input_file_ref idref="fl-4a"/>
      </object_component>
      <object_component id="oc-3fc">
         <name>.tramp.Fapi_BlockErase.1</name>
         <load_address>0x9698</load_address>
         <run_address>0x9698</run_address>
         <size>0x8</size>
         <input_file_ref idref="fl-20"/>
      </object_component>
      <object_component id="oc-3fb">
         <name>.tramp.Fapi_UpdateStatusProgram.1</name>
         <load_address>0x96a0</load_address>
         <run_address>0x96a0</run_address>
         <size>0x8</size>
         <input_file_ref idref="fl-20"/>
      </object_component>
      <object_component id="oc-3fa">
         <name>.tramp.Fapi_BlockProgram.1</name>
         <load_address>0x96a8</load_address>
         <run_address>0x96a8</run_address>
         <size>0x8</size>
         <input_file_ref idref="fl-20"/>
      </object_component>
      <object_component id="oc-3f9">
         <name>.tramp.BLInternalFlashStartAddrCheck.1</name>
         <load_address>0x96b0</load_address>
         <run_address>0x96b0</run_address>
         <size>0x8</size>
         <input_file_ref idref="fl-20"/>
      </object_component>
      <object_component id="oc-2c1">
         <name>.const:flash_sector</name>
         <load_address>0x96b8</load_address>
         <run_address>0x8002f00</run_address>
         <size>0x21c</size>
         <input_file_ref idref="fl-20"/>
      </object_component>
      <object_component id="oc-2f">
         <name>.const:s_vim_init</name>
         <load_address>0x98d4</load_address>
         <run_address>0x800311c</run_address>
         <size>0x180</size>
         <input_file_ref idref="fl-1a"/>
      </object_component>
      <object_component id="oc-219">
         <name>.const:g_ulCanByteOrder</name>
         <load_address>0x9a54</load_address>
         <run_address>0x800329c</run_address>
         <size>0x20</size>
         <input_file_ref idref="fl-1f"/>
      </object_component>
      <object_component id="oc-2cd">
         <name>.const:s_canByteOrder</name>
         <load_address>0x9a74</load_address>
         <run_address>0x80032bc</run_address>
         <size>0x20</size>
         <input_file_ref idref="fl-2"/>
      </object_component>
      <object_component id="oc-3f6">
         <name>.cinit..data.load</name>
         <load_address>0x9a98</load_address>
         <run_address>0x9a98</run_address>
         <size>0x12</size>
      </object_component>
      <object_component id="oc-3f4">
         <name>__TI_handler_table</name>
         <load_address>0x9aac</load_address>
         <run_address>0x9aac</run_address>
         <size>0xc</size>
      </object_component>
      <object_component id="oc-3f7">
         <name>.cinit..bss.load</name>
         <load_address>0x9ab8</load_address>
         <run_address>0x9ab8</run_address>
         <size>0x8</size>
      </object_component>
      <object_component id="oc-3f5">
         <name>__TI_cinit_table</name>
         <load_address>0x9ac0</load_address>
         <run_address>0x9ac0</run_address>
         <size>0x10</size>
      </object_component>
      <object_component id="oc-2c4">
         <name>.data</name>
         <load_address>0x8003450</load_address>
         <run_address>0x8003450</run_address>
         <size>0x4</size>
         <input_file_ref idref="fl-20"/>
      </object_component>
      <object_component id="oc-140">
         <name>.data:g_pulUpdateSuccess</name>
         <load_address>0x8003420</load_address>
         <run_address>0x8003420</run_address>
         <size>0x20</size>
         <input_file_ref idref="fl-22"/>
      </object_component>
      <object_component id="oc-202">
         <name>.data</name>
         <load_address>0x8003448</load_address>
         <run_address>0x8003448</run_address>
         <size>0x8</size>
         <input_file_ref idref="fl-22"/>
      </object_component>
      <object_component id="oc-380">
         <name>.data</name>
         <load_address>0x8003440</load_address>
         <run_address>0x8003440</run_address>
         <size>0x8</size>
         <input_file_ref idref="fl-34"/>
      </object_component>
      <object_component id="oc-331">
         <name>.data</name>
         <load_address>0x8003454</load_address>
         <run_address>0x8003454</run_address>
         <size>0x1</size>
         <input_file_ref idref="fl-35"/>
      </object_component>
      <object_component id="oc-1f5">
         <name>.bss:g_sciTransfer_t</name>
         <uninitialized>true</uninitialized>
         <run_address>0x80033dc</run_address>
         <size>0x28</size>
         <input_file_ref idref="fl-e"/>
      </object_component>
      <object_component id="oc-21c">
         <name>.bss</name>
         <uninitialized>true</uninitialized>
         <run_address>0x8003410</run_address>
         <size>0x4</size>
         <input_file_ref idref="fl-1f"/>
      </object_component>
      <object_component id="oc-1ff">
         <name>.bss:num_str$1</name>
         <uninitialized>true</uninitialized>
         <run_address>0x8003404</run_address>
         <size>0xc</size>
         <input_file_ref idref="fl-27"/>
      </object_component>
      <object_component id="oc-2c7">
         <name>.common:g_ucStartBank</name>
         <uninitialized>true</uninitialized>
         <run_address>0x800341d</run_address>
         <size>0x1</size>
      </object_component>
      <object_component id="oc-2ca">
         <name>.common:g_ucEndBank</name>
         <uninitialized>true</uninitialized>
         <run_address>0x800341c</run_address>
         <size>0x1</size>
      </object_component>
      <object_component id="oc-220">
         <name>.common:g_ulTransferSize</name>
         <uninitialized>true</uninitialized>
         <run_address>0x8003418</run_address>
         <size>0x4</size>
      </object_component>
      <object_component id="oc-143">
         <name>.common:g_ulTransferAddress</name>
         <uninitialized>true</uninitialized>
         <run_address>0x8003414</run_address>
         <size>0x4</size>
      </object_component>
      <object_component id="oc-21f">
         <name>.common:g_pulDataBuffer</name>
         <uninitialized>true</uninitialized>
         <run_address>0x80032dc</run_address>
         <size>0x100</size>
      </object_component>
      <object_component id="oc-18a">
         <name>.debug_info</name>
         <load_address>0x0</load_address>
         <run_address>0x0</run_address>
         <size>0x380</size>
         <input_file_ref idref="fl-2"/>
      </object_component>
      <object_component id="oc-2ce">
         <name>.debug_info</name>
         <load_address>0x380</load_address>
         <run_address>0x380</run_address>
         <size>0x165</size>
         <input_file_ref idref="fl-2"/>
      </object_component>
      <object_component id="oc-214">
         <name>.debug_info</name>
         <load_address>0x4e5</load_address>
         <run_address>0x4e5</run_address>
         <size>0x230e</size>
         <input_file_ref idref="fl-2"/>
      </object_component>
      <object_component id="oc-161">
         <name>.debug_info</name>
         <load_address>0x27f3</load_address>
         <run_address>0x27f3</run_address>
         <size>0x26b</size>
         <input_file_ref idref="fl-2"/>
      </object_component>
      <object_component id="oc-9f">
         <name>.debug_info</name>
         <load_address>0x2a5e</load_address>
         <run_address>0x2a5e</run_address>
         <size>0x157</size>
         <input_file_ref idref="fl-2"/>
      </object_component>
      <object_component id="oc-b4">
         <name>.debug_info</name>
         <load_address>0x2bb5</load_address>
         <run_address>0x2bb5</run_address>
         <size>0x8b</size>
         <input_file_ref idref="fl-2"/>
      </object_component>
      <object_component id="oc-af">
         <name>.debug_info</name>
         <load_address>0x2c40</load_address>
         <run_address>0x2c40</run_address>
         <size>0x18c</size>
         <input_file_ref idref="fl-2"/>
      </object_component>
      <object_component id="oc-22c">
         <name>.debug_info</name>
         <load_address>0x2dcc</load_address>
         <run_address>0x2dcc</run_address>
         <size>0x297</size>
         <input_file_ref idref="fl-2"/>
      </object_component>
      <object_component id="oc-147">
         <name>.debug_info</name>
         <load_address>0x3063</load_address>
         <run_address>0x3063</run_address>
         <size>0xbb</size>
         <input_file_ref idref="fl-2"/>
      </object_component>
      <object_component id="oc-b9">
         <name>.debug_info</name>
         <load_address>0x311e</load_address>
         <run_address>0x311e</run_address>
         <size>0x86</size>
         <input_file_ref idref="fl-2"/>
      </object_component>
      <object_component id="oc-1ae">
         <name>.debug_info</name>
         <load_address>0x31a4</load_address>
         <run_address>0x31a4</run_address>
         <size>0x437</size>
         <input_file_ref idref="fl-2"/>
      </object_component>
      <object_component id="oc-25a">
         <name>.debug_info</name>
         <load_address>0x35db</load_address>
         <run_address>0x35db</run_address>
         <size>0x15f</size>
         <input_file_ref idref="fl-2"/>
      </object_component>
      <object_component id="oc-17f">
         <name>.debug_info</name>
         <load_address>0x373a</load_address>
         <run_address>0x373a</run_address>
         <size>0x2cf</size>
         <input_file_ref idref="fl-2"/>
      </object_component>
      <object_component id="oc-a9">
         <name>.debug_info</name>
         <load_address>0x3a09</load_address>
         <run_address>0x3a09</run_address>
         <size>0x1cf</size>
         <input_file_ref idref="fl-3"/>
      </object_component>
      <object_component id="oc-2ef">
         <name>.debug_info</name>
         <load_address>0x3bd8</load_address>
         <run_address>0x3bd8</run_address>
         <size>0x311</size>
         <input_file_ref idref="fl-4"/>
      </object_component>
      <object_component id="oc-378">
         <name>.debug_info</name>
         <load_address>0x3ee9</load_address>
         <run_address>0x3ee9</run_address>
         <size>0x155</size>
         <input_file_ref idref="fl-4"/>
      </object_component>
      <object_component id="oc-247">
         <name>.debug_info</name>
         <load_address>0x403e</load_address>
         <run_address>0x403e</run_address>
         <size>0x116</size>
         <input_file_ref idref="fl-4"/>
      </object_component>
      <object_component id="oc-256">
         <name>.debug_info</name>
         <load_address>0x4154</load_address>
         <run_address>0x4154</run_address>
         <size>0x66d</size>
         <input_file_ref idref="fl-5"/>
      </object_component>
      <object_component id="oc-24c">
         <name>.debug_info</name>
         <load_address>0x47c1</load_address>
         <run_address>0x47c1</run_address>
         <size>0x515</size>
         <input_file_ref idref="fl-5"/>
      </object_component>
      <object_component id="oc-16b">
         <name>.debug_info</name>
         <load_address>0x4cd6</load_address>
         <run_address>0x4cd6</run_address>
         <size>0x435</size>
         <input_file_ref idref="fl-5"/>
      </object_component>
      <object_component id="oc-1cc">
         <name>.debug_info</name>
         <load_address>0x510b</load_address>
         <run_address>0x510b</run_address>
         <size>0x551</size>
         <input_file_ref idref="fl-5"/>
      </object_component>
      <object_component id="oc-170">
         <name>.debug_info</name>
         <load_address>0x565c</load_address>
         <run_address>0x565c</run_address>
         <size>0x1f9</size>
         <input_file_ref idref="fl-5"/>
      </object_component>
      <object_component id="oc-175">
         <name>.debug_info</name>
         <load_address>0x5855</load_address>
         <run_address>0x5855</run_address>
         <size>0x6a6</size>
         <input_file_ref idref="fl-5"/>
      </object_component>
      <object_component id="oc-17a">
         <name>.debug_info</name>
         <load_address>0x5efb</load_address>
         <run_address>0x5efb</run_address>
         <size>0x13e</size>
         <input_file_ref idref="fl-5"/>
      </object_component>
      <object_component id="oc-19a">
         <name>.debug_info</name>
         <load_address>0x6039</load_address>
         <run_address>0x6039</run_address>
         <size>0x33b</size>
         <input_file_ref idref="fl-6"/>
      </object_component>
      <object_component id="oc-75">
         <name>.debug_info</name>
         <load_address>0x6374</load_address>
         <run_address>0x6374</run_address>
         <size>0x9fa</size>
         <input_file_ref idref="fl-6"/>
      </object_component>
      <object_component id="oc-4f">
         <name>.debug_info</name>
         <load_address>0x6d6e</load_address>
         <run_address>0x6d6e</run_address>
         <size>0x84</size>
         <input_file_ref idref="fl-6"/>
      </object_component>
      <object_component id="oc-dc">
         <name>.debug_info</name>
         <load_address>0x6df2</load_address>
         <run_address>0x6df2</run_address>
         <size>0x9e7</size>
         <input_file_ref idref="fl-6"/>
      </object_component>
      <object_component id="oc-f7">
         <name>.debug_info</name>
         <load_address>0x77d9</load_address>
         <run_address>0x77d9</run_address>
         <size>0x393</size>
         <input_file_ref idref="fl-7"/>
      </object_component>
      <object_component id="oc-8a">
         <name>.debug_info</name>
         <load_address>0x7b6c</load_address>
         <run_address>0x7b6c</run_address>
         <size>0x16ae</size>
         <input_file_ref idref="fl-7"/>
      </object_component>
      <object_component id="oc-2a">
         <name>.debug_info</name>
         <load_address>0x921a</load_address>
         <run_address>0x921a</run_address>
         <size>0x2ae</size>
         <input_file_ref idref="fl-7"/>
      </object_component>
      <object_component id="oc-166">
         <name>.debug_info</name>
         <load_address>0x94c8</load_address>
         <run_address>0x94c8</run_address>
         <size>0x1de</size>
         <input_file_ref idref="fl-7"/>
      </object_component>
      <object_component id="oc-f2">
         <name>.debug_info</name>
         <load_address>0x96a6</load_address>
         <run_address>0x96a6</run_address>
         <size>0x129</size>
         <input_file_ref idref="fl-7"/>
      </object_component>
      <object_component id="oc-159">
         <name>.debug_info</name>
         <load_address>0x97cf</load_address>
         <run_address>0x97cf</run_address>
         <size>0x604</size>
         <input_file_ref idref="fl-a"/>
      </object_component>
      <object_component id="oc-99">
         <name>.debug_info</name>
         <load_address>0x9dd3</load_address>
         <run_address>0x9dd3</run_address>
         <size>0x1882</size>
         <input_file_ref idref="fl-a"/>
      </object_component>
      <object_component id="oc-19f">
         <name>.debug_info</name>
         <load_address>0xb655</load_address>
         <run_address>0xb655</run_address>
         <size>0x60e</size>
         <input_file_ref idref="fl-a"/>
      </object_component>
      <object_component id="oc-1a4">
         <name>.debug_info</name>
         <load_address>0xbc63</load_address>
         <run_address>0xbc63</run_address>
         <size>0x4de</size>
         <input_file_ref idref="fl-a"/>
      </object_component>
      <object_component id="oc-1a9">
         <name>.debug_info</name>
         <load_address>0xc141</load_address>
         <run_address>0xc141</run_address>
         <size>0x3ce</size>
         <input_file_ref idref="fl-a"/>
      </object_component>
      <object_component id="oc-23d">
         <name>.debug_info</name>
         <load_address>0xc50f</load_address>
         <run_address>0xc50f</run_address>
         <size>0x306</size>
         <input_file_ref idref="fl-a"/>
      </object_component>
      <object_component id="oc-242">
         <name>.debug_info</name>
         <load_address>0xc815</load_address>
         <run_address>0xc815</run_address>
         <size>0x7cd</size>
         <input_file_ref idref="fl-a"/>
      </object_component>
      <object_component id="oc-15a">
         <name>.debug_info</name>
         <load_address>0xcfe2</load_address>
         <run_address>0xcfe2</run_address>
         <size>0x673</size>
         <input_file_ref idref="fl-a"/>
      </object_component>
      <object_component id="oc-192">
         <name>.debug_info</name>
         <load_address>0xd655</load_address>
         <run_address>0xd655</run_address>
         <size>0x2c</size>
         <input_file_ref idref="fl-a"/>
      </object_component>
      <object_component id="oc-1d9">
         <name>.debug_info</name>
         <load_address>0xd681</load_address>
         <run_address>0xd681</run_address>
         <size>0x37b</size>
         <input_file_ref idref="fl-a"/>
      </object_component>
      <object_component id="oc-1b3">
         <name>.debug_info</name>
         <load_address>0xd9fc</load_address>
         <run_address>0xd9fc</run_address>
         <size>0x1ca</size>
         <input_file_ref idref="fl-a"/>
      </object_component>
      <object_component id="oc-1b8">
         <name>.debug_info</name>
         <load_address>0xdbc6</load_address>
         <run_address>0xdbc6</run_address>
         <size>0x3d3</size>
         <input_file_ref idref="fl-a"/>
      </object_component>
      <object_component id="oc-1c2">
         <name>.debug_info</name>
         <load_address>0xdf99</load_address>
         <run_address>0xdf99</run_address>
         <size>0x1de</size>
         <input_file_ref idref="fl-a"/>
      </object_component>
      <object_component id="oc-227">
         <name>.debug_info</name>
         <load_address>0xe177</load_address>
         <run_address>0xe177</run_address>
         <size>0x243</size>
         <input_file_ref idref="fl-a"/>
      </object_component>
      <object_component id="oc-28c">
         <name>.debug_info</name>
         <load_address>0xe3ba</load_address>
         <run_address>0xe3ba</run_address>
         <size>0x18e</size>
         <input_file_ref idref="fl-a"/>
      </object_component>
      <object_component id="oc-251">
         <name>.debug_info</name>
         <load_address>0xe548</load_address>
         <run_address>0xe548</run_address>
         <size>0x26c</size>
         <input_file_ref idref="fl-a"/>
      </object_component>
      <object_component id="oc-1d1">
         <name>.debug_info</name>
         <load_address>0xe7b4</load_address>
         <run_address>0xe7b4</run_address>
         <size>0x17a</size>
         <input_file_ref idref="fl-a"/>
      </object_component>
      <object_component id="oc-19c">
         <name>.debug_info</name>
         <load_address>0xe92e</load_address>
         <run_address>0xe92e</run_address>
         <size>0x349</size>
         <input_file_ref idref="fl-c"/>
      </object_component>
      <object_component id="oc-e4">
         <name>.debug_info</name>
         <load_address>0xec77</load_address>
         <run_address>0xec77</run_address>
         <size>0x3ae</size>
         <input_file_ref idref="fl-c"/>
      </object_component>
      <object_component id="oc-1bd">
         <name>.debug_info</name>
         <load_address>0xf025</load_address>
         <run_address>0xf025</run_address>
         <size>0x3a4</size>
         <input_file_ref idref="fl-c"/>
      </object_component>
      <object_component id="oc-263">
         <name>.debug_info</name>
         <load_address>0xf3c9</load_address>
         <run_address>0xf3c9</run_address>
         <size>0x2c7</size>
         <input_file_ref idref="fl-c"/>
      </object_component>
      <object_component id="oc-1f9">
         <name>.debug_info</name>
         <load_address>0xf690</load_address>
         <run_address>0xf690</run_address>
         <size>0x363</size>
         <input_file_ref idref="fl-e"/>
      </object_component>
      <object_component id="oc-1f6">
         <name>.debug_info</name>
         <load_address>0xf9f3</load_address>
         <run_address>0xf9f3</run_address>
         <size>0x167</size>
         <input_file_ref idref="fl-e"/>
      </object_component>
      <object_component id="oc-129">
         <name>.debug_info</name>
         <load_address>0xfb5a</load_address>
         <run_address>0xfb5a</run_address>
         <size>0x1863</size>
         <input_file_ref idref="fl-e"/>
      </object_component>
      <object_component id="oc-287">
         <name>.debug_info</name>
         <load_address>0x113bd</load_address>
         <run_address>0x113bd</run_address>
         <size>0x91</size>
         <input_file_ref idref="fl-e"/>
      </object_component>
      <object_component id="oc-6d">
         <name>.debug_info</name>
         <load_address>0x1144e</load_address>
         <run_address>0x1144e</run_address>
         <size>0x127e</size>
         <input_file_ref idref="fl-10"/>
      </object_component>
      <object_component id="oc-33">
         <name>.debug_info</name>
         <load_address>0x126cc</load_address>
         <run_address>0x126cc</run_address>
         <size>0x1d7</size>
         <input_file_ref idref="fl-12"/>
      </object_component>
      <object_component id="oc-268">
         <name>.debug_info</name>
         <load_address>0x128a3</load_address>
         <run_address>0x128a3</run_address>
         <size>0x31c</size>
         <input_file_ref idref="fl-14"/>
      </object_component>
      <object_component id="oc-2f4">
         <name>.debug_info</name>
         <load_address>0x12bbf</load_address>
         <run_address>0x12bbf</run_address>
         <size>0x242</size>
         <input_file_ref idref="fl-14"/>
      </object_component>
      <object_component id="oc-1c7">
         <name>.debug_info</name>
         <load_address>0x12e01</load_address>
         <run_address>0x12e01</run_address>
         <size>0x2af</size>
         <input_file_ref idref="fl-14"/>
      </object_component>
      <object_component id="oc-38">
         <name>.debug_info</name>
         <load_address>0x130b0</load_address>
         <run_address>0x130b0</run_address>
         <size>0x25f</size>
         <input_file_ref idref="fl-15"/>
      </object_component>
      <object_component id="oc-eb">
         <name>.debug_info</name>
         <load_address>0x1330f</load_address>
         <run_address>0x1330f</run_address>
         <size>0x7c7</size>
         <input_file_ref idref="fl-17"/>
      </object_component>
      <object_component id="oc-f0">
         <name>.debug_info</name>
         <load_address>0x13ad6</load_address>
         <run_address>0x13ad6</run_address>
         <size>0x6d9</size>
         <input_file_ref idref="fl-18"/>
      </object_component>
      <object_component id="oc-85">
         <name>.debug_info</name>
         <load_address>0x141af</load_address>
         <run_address>0x141af</run_address>
         <size>0x5169</size>
         <input_file_ref idref="fl-18"/>
      </object_component>
      <object_component id="oc-1e">
         <name>.debug_info</name>
         <load_address>0x19318</load_address>
         <run_address>0x19318</run_address>
         <size>0x71f</size>
         <input_file_ref idref="fl-19"/>
      </object_component>
      <object_component id="oc-78">
         <name>.debug_info</name>
         <load_address>0x19a37</load_address>
         <run_address>0x19a37</run_address>
         <size>0x258</size>
         <input_file_ref idref="fl-19"/>
      </object_component>
      <object_component id="oc-a6">
         <name>.debug_info</name>
         <load_address>0x19c8f</load_address>
         <run_address>0x19c8f</run_address>
         <size>0x4c8</size>
         <input_file_ref idref="fl-1a"/>
      </object_component>
      <object_component id="oc-30">
         <name>.debug_info</name>
         <load_address>0x1a157</load_address>
         <run_address>0x1a157</run_address>
         <size>0x161</size>
         <input_file_ref idref="fl-1a"/>
      </object_component>
      <object_component id="oc-43">
         <name>.debug_info</name>
         <load_address>0x1a2b8</load_address>
         <run_address>0x1a2b8</run_address>
         <size>0x831</size>
         <input_file_ref idref="fl-1a"/>
      </object_component>
      <object_component id="oc-46">
         <name>.debug_info</name>
         <load_address>0x1aae9</load_address>
         <run_address>0x1aae9</run_address>
         <size>0x322</size>
         <input_file_ref idref="fl-1a"/>
      </object_component>
      <object_component id="oc-184">
         <name>.debug_info</name>
         <load_address>0x1ae0b</load_address>
         <run_address>0x1ae0b</run_address>
         <size>0x4f</size>
         <input_file_ref idref="fl-1a"/>
      </object_component>
      <object_component id="oc-e9">
         <name>.debug_info</name>
         <load_address>0x1ae5a</load_address>
         <run_address>0x1ae5a</run_address>
         <size>0x586</size>
         <input_file_ref idref="fl-1b"/>
      </object_component>
      <object_component id="oc-7e">
         <name>.debug_info</name>
         <load_address>0x1b3e0</load_address>
         <run_address>0x1b3e0</run_address>
         <size>0xf78</size>
         <input_file_ref idref="fl-1b"/>
      </object_component>
      <object_component id="oc-372">
         <name>.debug_info</name>
         <load_address>0x1c358</load_address>
         <run_address>0x1c358</run_address>
         <size>0x3ca</size>
         <input_file_ref idref="fl-1c"/>
      </object_component>
      <object_component id="oc-3ab">
         <name>.debug_info</name>
         <load_address>0x1c722</load_address>
         <run_address>0x1c722</run_address>
         <size>0x25f</size>
         <input_file_ref idref="fl-1c"/>
      </object_component>
      <object_component id="oc-2d7">
         <name>.debug_info</name>
         <load_address>0x1c981</load_address>
         <run_address>0x1c981</run_address>
         <size>0xe57</size>
         <input_file_ref idref="fl-1c"/>
      </object_component>
      <object_component id="oc-2dc">
         <name>.debug_info</name>
         <load_address>0x1d7d8</load_address>
         <run_address>0x1d7d8</run_address>
         <size>0x26d5</size>
         <input_file_ref idref="fl-1c"/>
      </object_component>
      <object_component id="oc-206">
         <name>.debug_info</name>
         <load_address>0x1fead</load_address>
         <run_address>0x1fead</run_address>
         <size>0x357</size>
         <input_file_ref idref="fl-1d"/>
      </object_component>
      <object_component id="oc-137">
         <name>.debug_info</name>
         <load_address>0x20204</load_address>
         <run_address>0x20204</run_address>
         <size>0x33c</size>
         <input_file_ref idref="fl-1d"/>
      </object_component>
      <object_component id="oc-222">
         <name>.debug_info</name>
         <load_address>0x20540</load_address>
         <run_address>0x20540</run_address>
         <size>0x7ce</size>
         <input_file_ref idref="fl-1f"/>
      </object_component>
      <object_component id="oc-21a">
         <name>.debug_info</name>
         <load_address>0x20d0e</load_address>
         <run_address>0x20d0e</run_address>
         <size>0x158</size>
         <input_file_ref idref="fl-1f"/>
      </object_component>
      <object_component id="oc-21d">
         <name>.debug_info</name>
         <load_address>0x20e66</load_address>
         <run_address>0x20e66</run_address>
         <size>0x15c</size>
         <input_file_ref idref="fl-1f"/>
      </object_component>
      <object_component id="oc-13b">
         <name>.debug_info</name>
         <load_address>0x20fc2</load_address>
         <run_address>0x20fc2</run_address>
         <size>0xe5c</size>
         <input_file_ref idref="fl-1f"/>
      </object_component>
      <object_component id="oc-2c8">
         <name>.debug_info</name>
         <load_address>0x21e1e</load_address>
         <run_address>0x21e1e</run_address>
         <size>0x685</size>
         <input_file_ref idref="fl-20"/>
      </object_component>
      <object_component id="oc-2c2">
         <name>.debug_info</name>
         <load_address>0x224a3</load_address>
         <run_address>0x224a3</run_address>
         <size>0x152</size>
         <input_file_ref idref="fl-20"/>
      </object_component>
      <object_component id="oc-2c5">
         <name>.debug_info</name>
         <load_address>0x225f5</load_address>
         <run_address>0x225f5</run_address>
         <size>0x160</size>
         <input_file_ref idref="fl-20"/>
      </object_component>
      <object_component id="oc-208">
         <name>.debug_info</name>
         <load_address>0x22755</load_address>
         <run_address>0x22755</run_address>
         <size>0x136a</size>
         <input_file_ref idref="fl-20"/>
      </object_component>
      <object_component id="oc-36b">
         <name>.debug_info</name>
         <load_address>0x23abf</load_address>
         <run_address>0x23abf</run_address>
         <size>0x11d</size>
         <input_file_ref idref="fl-20"/>
      </object_component>
      <object_component id="oc-20e">
         <name>.debug_info</name>
         <load_address>0x23bdc</load_address>
         <run_address>0x23bdc</run_address>
         <size>0x26e</size>
         <input_file_ref idref="fl-21"/>
      </object_component>
      <object_component id="oc-144">
         <name>.debug_info</name>
         <load_address>0x23e4a</load_address>
         <run_address>0x23e4a</run_address>
         <size>0x69d</size>
         <input_file_ref idref="fl-22"/>
      </object_component>
      <object_component id="oc-141">
         <name>.debug_info</name>
         <load_address>0x244e7</load_address>
         <run_address>0x244e7</run_address>
         <size>0x15d</size>
         <input_file_ref idref="fl-22"/>
      </object_component>
      <object_component id="oc-203">
         <name>.debug_info</name>
         <load_address>0x24644</load_address>
         <run_address>0x24644</run_address>
         <size>0x19a</size>
         <input_file_ref idref="fl-22"/>
      </object_component>
      <object_component id="oc-93">
         <name>.debug_info</name>
         <load_address>0x247de</load_address>
         <run_address>0x247de</run_address>
         <size>0x3b3</size>
         <input_file_ref idref="fl-22"/>
      </object_component>
      <object_component id="oc-201">
         <name>.debug_info</name>
         <load_address>0x24b91</load_address>
         <run_address>0x24b91</run_address>
         <size>0x332</size>
         <input_file_ref idref="fl-27"/>
      </object_component>
      <object_component id="oc-131">
         <name>.debug_info</name>
         <load_address>0x24ec3</load_address>
         <run_address>0x24ec3</run_address>
         <size>0xdac</size>
         <input_file_ref idref="fl-27"/>
      </object_component>
      <object_component id="oc-343">
         <name>.debug_info</name>
         <load_address>0x25c6f</load_address>
         <run_address>0x25c6f</run_address>
         <size>0x253</size>
         <input_file_ref idref="fl-30"/>
      </object_component>
      <object_component id="oc-2b2">
         <name>.debug_info</name>
         <load_address>0x25ec2</load_address>
         <run_address>0x25ec2</run_address>
         <size>0x24a</size>
         <input_file_ref idref="fl-30"/>
      </object_component>
      <object_component id="oc-326">
         <name>.debug_info</name>
         <load_address>0x2610c</load_address>
         <run_address>0x2610c</run_address>
         <size>0xe55</size>
         <input_file_ref idref="fl-30"/>
      </object_component>
      <object_component id="oc-38c">
         <name>.debug_info</name>
         <load_address>0x26f61</load_address>
         <run_address>0x26f61</run_address>
         <size>0x26d5</size>
         <input_file_ref idref="fl-30"/>
      </object_component>
      <object_component id="oc-387">
         <name>.debug_info</name>
         <load_address>0x29636</load_address>
         <run_address>0x29636</run_address>
         <size>0x1bff</size>
         <input_file_ref idref="fl-30"/>
      </object_component>
      <object_component id="oc-32b">
         <name>.debug_info</name>
         <load_address>0x2b235</load_address>
         <run_address>0x2b235</run_address>
         <size>0x18b</size>
         <input_file_ref idref="fl-30"/>
      </object_component>
      <object_component id="oc-33b">
         <name>.debug_info</name>
         <load_address>0x2b3c0</load_address>
         <run_address>0x2b3c0</run_address>
         <size>0x266</size>
         <input_file_ref idref="fl-31"/>
      </object_component>
      <object_component id="oc-2aa">
         <name>.debug_info</name>
         <load_address>0x2b626</load_address>
         <run_address>0x2b626</run_address>
         <size>0x26a</size>
         <input_file_ref idref="fl-31"/>
      </object_component>
      <object_component id="oc-330">
         <name>.debug_info</name>
         <load_address>0x2b890</load_address>
         <run_address>0x2b890</run_address>
         <size>0x2d4</size>
         <input_file_ref idref="fl-32"/>
      </object_component>
      <object_component id="oc-314">
         <name>.debug_info</name>
         <load_address>0x2bb64</load_address>
         <run_address>0x2bb64</run_address>
         <size>0x232</size>
         <input_file_ref idref="fl-32"/>
      </object_component>
      <object_component id="oc-29e">
         <name>.debug_info</name>
         <load_address>0x2bd96</load_address>
         <run_address>0x2bd96</run_address>
         <size>0x3f8</size>
         <input_file_ref idref="fl-32"/>
      </object_component>
      <object_component id="oc-398">
         <name>.debug_info</name>
         <load_address>0x2c18e</load_address>
         <run_address>0x2c18e</run_address>
         <size>0x218</size>
         <input_file_ref idref="fl-33"/>
      </object_component>
      <object_component id="oc-33e">
         <name>.debug_info</name>
         <load_address>0x2c3a6</load_address>
         <run_address>0x2c3a6</run_address>
         <size>0x1b7</size>
         <input_file_ref idref="fl-33"/>
      </object_component>
      <object_component id="oc-382">
         <name>.debug_info</name>
         <load_address>0x2c55d</load_address>
         <run_address>0x2c55d</run_address>
         <size>0x278</size>
         <input_file_ref idref="fl-34"/>
      </object_component>
      <object_component id="oc-31a">
         <name>.debug_info</name>
         <load_address>0x2c7d5</load_address>
         <run_address>0x2c7d5</run_address>
         <size>0x1d6</size>
         <input_file_ref idref="fl-34"/>
      </object_component>
      <object_component id="oc-320">
         <name>.debug_info</name>
         <load_address>0x2c9ab</load_address>
         <run_address>0x2c9ab</run_address>
         <size>0x1ce</size>
         <input_file_ref idref="fl-34"/>
      </object_component>
      <object_component id="oc-333">
         <name>.debug_info</name>
         <load_address>0x2cb79</load_address>
         <run_address>0x2cb79</run_address>
         <size>0x27c</size>
         <input_file_ref idref="fl-35"/>
      </object_component>
      <object_component id="oc-2a4">
         <name>.debug_info</name>
         <load_address>0x2cdf5</load_address>
         <run_address>0x2cdf5</run_address>
         <size>0x328</size>
         <input_file_ref idref="fl-35"/>
      </object_component>
      <object_component id="oc-34b">
         <name>.debug_info</name>
         <load_address>0x2d11d</load_address>
         <run_address>0x2d11d</run_address>
         <size>0x296</size>
         <input_file_ref idref="fl-36"/>
      </object_component>
      <object_component id="oc-2b7">
         <name>.debug_info</name>
         <load_address>0x2d3b3</load_address>
         <run_address>0x2d3b3</run_address>
         <size>0x61b</size>
         <input_file_ref idref="fl-36"/>
      </object_component>
      <object_component id="oc-34c">
         <name>.debug_info</name>
         <load_address>0x2d9ce</load_address>
         <run_address>0x2d9ce</run_address>
         <size>0x72</size>
         <input_file_ref idref="fl-36"/>
      </object_component>
      <object_component id="oc-364">
         <name>.debug_info</name>
         <load_address>0x2da40</load_address>
         <run_address>0x2da40</run_address>
         <size>0x2cd</size>
         <input_file_ref idref="fl-37"/>
      </object_component>
      <object_component id="oc-2bc">
         <name>.debug_info</name>
         <load_address>0x2dd0d</load_address>
         <run_address>0x2dd0d</run_address>
         <size>0x2fb</size>
         <input_file_ref idref="fl-37"/>
      </object_component>
      <object_component id="oc-3ae">
         <name>.debug_info</name>
         <load_address>0x2e008</load_address>
         <run_address>0x2e008</run_address>
         <size>0x243</size>
         <input_file_ref idref="fl-38"/>
      </object_component>
      <object_component id="oc-358">
         <name>.debug_info</name>
         <load_address>0x2e24b</load_address>
         <run_address>0x2e24b</run_address>
         <size>0x1a1</size>
         <input_file_ref idref="fl-38"/>
      </object_component>
      <object_component id="oc-39c">
         <name>.debug_info</name>
         <load_address>0x2e3ec</load_address>
         <run_address>0x2e3ec</run_address>
         <size>0x212</size>
         <input_file_ref idref="fl-39"/>
      </object_component>
      <object_component id="oc-347">
         <name>.debug_info</name>
         <load_address>0x2e5fe</load_address>
         <run_address>0x2e5fe</run_address>
         <size>0x1c9</size>
         <input_file_ref idref="fl-39"/>
      </object_component>
      <object_component id="oc-37e">
         <name>.debug_info</name>
         <load_address>0x2e7c7</load_address>
         <run_address>0x2e7c7</run_address>
         <size>0x212</size>
         <input_file_ref idref="fl-3a"/>
      </object_component>
      <object_component id="oc-30e">
         <name>.debug_info</name>
         <load_address>0x2e9d9</load_address>
         <run_address>0x2e9d9</run_address>
         <size>0x223</size>
         <input_file_ref idref="fl-3a"/>
      </object_component>
      <object_component id="oc-394">
         <name>.debug_info</name>
         <load_address>0x2ebfc</load_address>
         <run_address>0x2ebfc</run_address>
         <size>0x213</size>
         <input_file_ref idref="fl-3b"/>
      </object_component>
      <object_component id="oc-335">
         <name>.debug_info</name>
         <load_address>0x2ee0f</load_address>
         <run_address>0x2ee0f</run_address>
         <size>0x1b0</size>
         <input_file_ref idref="fl-3b"/>
      </object_component>
      <object_component id="oc-3a6">
         <name>.debug_info</name>
         <load_address>0x2efbf</load_address>
         <run_address>0x2efbf</run_address>
         <size>0x281</size>
         <input_file_ref idref="fl-3c"/>
      </object_component>
      <object_component id="oc-35f">
         <name>.debug_info</name>
         <load_address>0x2f240</load_address>
         <run_address>0x2f240</run_address>
         <size>0x1a8</size>
         <input_file_ref idref="fl-3c"/>
      </object_component>
      <object_component id="oc-353">
         <name>.debug_info</name>
         <load_address>0x2f3e8</load_address>
         <run_address>0x2f3e8</run_address>
         <size>0x22f</size>
         <input_file_ref idref="fl-3c"/>
      </object_component>
      <object_component id="oc-3c5">
         <name>.debug_info</name>
         <load_address>0x2f617</load_address>
         <run_address>0x2f617</run_address>
         <size>0x236</size>
         <input_file_ref idref="fl-3d"/>
      </object_component>
      <object_component id="oc-3a2">
         <name>.debug_info</name>
         <load_address>0x2f84d</load_address>
         <run_address>0x2f84d</run_address>
         <size>0x185</size>
         <input_file_ref idref="fl-3d"/>
      </object_component>
      <object_component id="oc-3cc">
         <name>.debug_info</name>
         <load_address>0x2f9d2</load_address>
         <run_address>0x2f9d2</run_address>
         <size>0x20a</size>
         <input_file_ref idref="fl-3e"/>
      </object_component>
      <object_component id="oc-3c1">
         <name>.debug_info</name>
         <load_address>0x2fbdc</load_address>
         <run_address>0x2fbdc</run_address>
         <size>0x1d2</size>
         <input_file_ref idref="fl-3e"/>
      </object_component>
      <object_component id="oc-282">
         <name>.debug_info</name>
         <load_address>0x2fdae</load_address>
         <run_address>0x2fdae</run_address>
         <size>0x293</size>
         <input_file_ref idref="fl-40"/>
      </object_component>
      <object_component id="oc-1f0">
         <name>.debug_info</name>
         <load_address>0x30041</load_address>
         <run_address>0x30041</run_address>
         <size>0x1a4</size>
         <input_file_ref idref="fl-40"/>
      </object_component>
      <object_component id="oc-305">
         <name>.debug_info</name>
         <load_address>0x301e5</load_address>
         <run_address>0x301e5</run_address>
         <size>0x46</size>
         <input_file_ref idref="fl-40"/>
      </object_component>
      <object_component id="oc-27d">
         <name>.debug_info</name>
         <load_address>0x3022b</load_address>
         <run_address>0x3022b</run_address>
         <size>0x39</size>
         <input_file_ref idref="fl-40"/>
      </object_component>
      <object_component id="oc-57">
         <name>.debug_info</name>
         <load_address>0x30264</load_address>
         <run_address>0x30264</run_address>
         <size>0x11d</size>
         <input_file_ref idref="fl-41"/>
      </object_component>
      <object_component id="oc-1fd">
         <name>.debug_info</name>
         <load_address>0x30381</load_address>
         <run_address>0x30381</run_address>
         <size>0x155</size>
         <input_file_ref idref="fl-42"/>
      </object_component>
      <object_component id="oc-1e1">
         <name>.debug_info</name>
         <load_address>0x304d6</load_address>
         <run_address>0x304d6</run_address>
         <size>0x4b7</size>
         <input_file_ref idref="fl-43"/>
      </object_component>
      <object_component id="oc-fa">
         <name>.debug_info</name>
         <load_address>0x3098d</load_address>
         <run_address>0x3098d</run_address>
         <size>0x1aa</size>
         <input_file_ref idref="fl-43"/>
      </object_component>
      <object_component id="oc-26b">
         <name>.debug_info</name>
         <load_address>0x30b37</load_address>
         <run_address>0x30b37</run_address>
         <size>0x39</size>
         <input_file_ref idref="fl-43"/>
      </object_component>
      <object_component id="oc-2f9">
         <name>.debug_info</name>
         <load_address>0x30b70</load_address>
         <run_address>0x30b70</run_address>
         <size>0x39</size>
         <input_file_ref idref="fl-43"/>
      </object_component>
      <object_component id="oc-270">
         <name>.debug_info</name>
         <load_address>0x30ba9</load_address>
         <run_address>0x30ba9</run_address>
         <size>0x39</size>
         <input_file_ref idref="fl-43"/>
      </object_component>
      <object_component id="oc-275">
         <name>.debug_info</name>
         <load_address>0x30be2</load_address>
         <run_address>0x30be2</run_address>
         <size>0xcd</size>
         <input_file_ref idref="fl-43"/>
      </object_component>
      <object_component id="oc-d3">
         <name>.debug_info</name>
         <load_address>0x30caf</load_address>
         <run_address>0x30caf</run_address>
         <size>0x2d8</size>
         <input_file_ref idref="fl-45"/>
      </object_component>
      <object_component id="oc-62">
         <name>.debug_info</name>
         <load_address>0x30f87</load_address>
         <run_address>0x30f87</run_address>
         <size>0x1c3</size>
         <input_file_ref idref="fl-45"/>
      </object_component>
      <object_component id="oc-ce">
         <name>.debug_info</name>
         <load_address>0x3114a</load_address>
         <run_address>0x3114a</run_address>
         <size>0x46</size>
         <input_file_ref idref="fl-45"/>
      </object_component>
      <object_component id="oc-5f">
         <name>.debug_info</name>
         <load_address>0x31190</load_address>
         <run_address>0x31190</run_address>
         <size>0x2a7</size>
         <input_file_ref idref="fl-46"/>
      </object_component>
      <object_component id="oc-1a">
         <name>.debug_info</name>
         <load_address>0x31437</load_address>
         <run_address>0x31437</run_address>
         <size>0x1d9</size>
         <input_file_ref idref="fl-46"/>
      </object_component>
      <object_component id="oc-5a">
         <name>.debug_info</name>
         <load_address>0x31610</load_address>
         <run_address>0x31610</run_address>
         <size>0x46</size>
         <input_file_ref idref="fl-46"/>
      </object_component>
      <object_component id="oc-c6">
         <name>.debug_info</name>
         <load_address>0x31656</load_address>
         <run_address>0x31656</run_address>
         <size>0x2c</size>
         <input_file_ref idref="fl-46"/>
      </object_component>
      <object_component id="oc-c4">
         <name>.debug_info</name>
         <load_address>0x31682</load_address>
         <run_address>0x31682</run_address>
         <size>0x2a2</size>
         <input_file_ref idref="fl-47"/>
      </object_component>
      <object_component id="oc-11">
         <name>.debug_info</name>
         <load_address>0x31924</load_address>
         <run_address>0x31924</run_address>
         <size>0x254</size>
         <input_file_ref idref="fl-47"/>
      </object_component>
      <object_component id="oc-4a">
         <name>.debug_info</name>
         <load_address>0x31b78</load_address>
         <run_address>0x31b78</run_address>
         <size>0x60</size>
         <input_file_ref idref="fl-47"/>
      </object_component>
      <object_component id="oc-18b">
         <name>.debug_info</name>
         <load_address>0x31bd8</load_address>
         <run_address>0x31bd8</run_address>
         <size>0x46</size>
         <input_file_ref idref="fl-47"/>
      </object_component>
      <object_component id="oc-bf">
         <name>.debug_info</name>
         <load_address>0x31c1e</load_address>
         <run_address>0x31c1e</run_address>
         <size>0x39</size>
         <input_file_ref idref="fl-47"/>
      </object_component>
      <object_component id="oc-14d">
         <name>.debug_info</name>
         <load_address>0x31c57</load_address>
         <run_address>0x31c57</run_address>
         <size>0x126</size>
         <input_file_ref idref="fl-48"/>
      </object_component>
      <object_component id="oc-292">
         <name>.debug_info</name>
         <load_address>0x31d7d</load_address>
         <run_address>0x31d7d</run_address>
         <size>0x119</size>
         <input_file_ref idref="fl-4a"/>
      </object_component>
      <object_component id="oc-3fd">
         <name>.debug_info</name>
         <load_address>0x31e96</load_address>
         <run_address>0x31e96</run_address>
         <size>0x28f</size>
      </object_component>
      <object_component id="oc-259">
         <name>.debug_line</name>
         <load_address>0x0</load_address>
         <run_address>0x0</run_address>
         <size>0x20</size>
         <input_file_ref idref="fl-2"/>
      </object_component>
      <object_component id="oc-371">
         <name>.debug_line</name>
         <load_address>0x20</load_address>
         <run_address>0x20</run_address>
         <size>0x86</size>
         <input_file_ref idref="fl-2"/>
      </object_component>
      <object_component id="oc-217">
         <name>.debug_line</name>
         <load_address>0xa6</load_address>
         <run_address>0xa6</run_address>
         <size>0x43f</size>
         <input_file_ref idref="fl-2"/>
      </object_component>
      <object_component id="oc-164">
         <name>.debug_line</name>
         <load_address>0x4e5</load_address>
         <run_address>0x4e5</run_address>
         <size>0x6f</size>
         <input_file_ref idref="fl-2"/>
      </object_component>
      <object_component id="oc-a2">
         <name>.debug_line</name>
         <load_address>0x554</load_address>
         <run_address>0x554</run_address>
         <size>0x90</size>
         <input_file_ref idref="fl-2"/>
      </object_component>
      <object_component id="oc-b7">
         <name>.debug_line</name>
         <load_address>0x5e4</load_address>
         <run_address>0x5e4</run_address>
         <size>0x20</size>
         <input_file_ref idref="fl-2"/>
      </object_component>
      <object_component id="oc-b2">
         <name>.debug_line</name>
         <load_address>0x604</load_address>
         <run_address>0x604</run_address>
         <size>0x8b</size>
         <input_file_ref idref="fl-2"/>
      </object_component>
      <object_component id="oc-22f">
         <name>.debug_line</name>
         <load_address>0x68f</load_address>
         <run_address>0x68f</run_address>
         <size>0x73</size>
         <input_file_ref idref="fl-2"/>
      </object_component>
      <object_component id="oc-14a">
         <name>.debug_line</name>
         <load_address>0x702</load_address>
         <run_address>0x702</run_address>
         <size>0x70</size>
         <input_file_ref idref="fl-2"/>
      </object_component>
      <object_component id="oc-bc">
         <name>.debug_line</name>
         <load_address>0x772</load_address>
         <run_address>0x772</run_address>
         <size>0x8e</size>
         <input_file_ref idref="fl-2"/>
      </object_component>
      <object_component id="oc-1b1">
         <name>.debug_line</name>
         <load_address>0x800</load_address>
         <run_address>0x800</run_address>
         <size>0x8b</size>
         <input_file_ref idref="fl-2"/>
      </object_component>
      <object_component id="oc-25d">
         <name>.debug_line</name>
         <load_address>0x88b</load_address>
         <run_address>0x88b</run_address>
         <size>0x87</size>
         <input_file_ref idref="fl-2"/>
      </object_component>
      <object_component id="oc-182">
         <name>.debug_line</name>
         <load_address>0x912</load_address>
         <run_address>0x912</run_address>
         <size>0x8b</size>
         <input_file_ref idref="fl-2"/>
      </object_component>
      <object_component id="oc-ab">
         <name>.debug_line</name>
         <load_address>0x99d</load_address>
         <run_address>0x99d</run_address>
         <size>0xcb</size>
         <input_file_ref idref="fl-3"/>
      </object_component>
[...]
      </symbol>
      <symbol id="sm-54a">
         <name>checkFlashECC</name>
         <value>0x1c18</value>
         <object_component_ref idref="oc-83"/>
      </symbol>
      <symbol id="sm-54b">
         <name>cpuSelfTestFail</name>
         <value>0x1cfc</value>
         <object_component_ref idref="oc-83"/>
      </symbol>
      <symbol id="sm-54c">
         <name>checkPLL1Slip</name>
         <value>0x2d8c</value>
         <object_component_ref idref="oc-83"/>
      </symbol>
      <symbol id="sm-54d">
         <name>mibspi1ParityCheck</name>
         <value>0x2584</value>
         <object_component_ref idref="oc-83"/>
      </symbol>
      <symbol id="sm-54e">
         <name>ccmr4GetConfigValue</name>
         <value>0x35fc</value>
         <object_component_ref idref="oc-83"/>
      </symbol>
      <symbol id="sm-54f">
         <name>htu2ParityCheck</name>
         <value>0x20bc</value>
         <object_component_ref idref="oc-83"/>
      </symbol>
      <symbol id="sm-550">
         <name>pbistPortTestStatus</name>
         <value>0x1508</value>
         <object_component_ref idref="oc-83"/>
      </symbol>
      <symbol id="sm-551">
         <name>checkFlashEEPROMECC</name>
         <value>0x2bf4</value>
         <object_component_ref idref="oc-83"/>
      </symbol>
      <symbol id="sm-552">
         <name>pbistGetConfigValue</name>
         <value>0x3370</value>
         <object_component_ref idref="oc-83"/>
      </symbol>
      <symbol id="sm-553">
         <name>vimParityCheck</name>
         <value>0x1d00</value>
         <object_component_ref idref="oc-83"/>
      </symbol>
      <symbol id="sm-554">
         <name>pbistIsTestCompleted</name>
         <value>0x14a8</value>
         <object_component_ref idref="oc-83"/>
      </symbol>
      <symbol id="sm-555">
         <name>disableParity</name>
         <value>0x3a58</value>
         <object_component_ref idref="oc-83"/>
      </symbol>
      <symbol id="sm-556">
         <name>pbistRun</name>
         <value>0x13ac</value>
         <object_component_ref idref="oc-83"/>
      </symbol>
      <symbol id="sm-557">
         <name>pbistFail</name>
         <value>0x32ec</value>
         <object_component_ref idref="oc-83"/>
      </symbol>
      <symbol id="sm-558">
         <name>selftestFailNotification</name>
         <value>0xf20</value>
         <object_component_ref idref="oc-83"/>
      </symbol>
      <symbol id="sm-559">
         <name>errata_PBIST_4</name>
         <value>0x366c</value>
         <object_component_ref idref="oc-83"/>
      </symbol>
      <symbol id="sm-55a">
         <name>mibspi3ParityCheck</name>
         <value>0x268c</value>
         <object_component_ref idref="oc-83"/>
      </symbol>
      <symbol id="sm-55b">
         <name>efcSelfTest</name>
         <value>0x1694</value>
         <object_component_ref idref="oc-83"/>
      </symbol>
      <symbol id="sm-55c">
         <name>checkB1RAMECC</name>
         <value>0x1a28</value>
         <object_component_ref idref="oc-83"/>
      </symbol>
      <symbol id="sm-55d">
         <name>pbistStop</name>
         <value>0x1478</value>
         <object_component_ref idref="oc-83"/>
      </symbol>
      <symbol id="sm-55e">
         <name>can3ParityCheck</name>
         <value>0x24b0</value>
         <object_component_ref idref="oc-83"/>
      </symbol>
      <symbol id="sm-55f">
         <name>checkRAMAddrParity</name>
         <value>0x2f50</value>
         <object_component_ref idref="oc-83"/>
      </symbol>
      <symbol id="sm-560">
         <name>mibspi5ParityCheck</name>
         <value>0x27b0</value>
         <object_component_ref idref="oc-83"/>
      </symbol>
      <symbol id="sm-561">
         <name>checkB0RAMECC</name>
         <value>0x1838</value>
         <object_component_ref idref="oc-83"/>
      </symbol>
      <symbol id="sm-562">
         <name>stcGetConfigValue</name>
         <value>0x34bc</value>
         <object_component_ref idref="oc-83"/>
      </symbol>
      <symbol id="sm-563">
         <name>pbistIsTestPassed</name>
         <value>0x14d4</value>
         <object_component_ref idref="oc-83"/>
      </symbol>
      <symbol id="sm-564">
         <name>checkClockMonitor</name>
         <value>0x2b18</value>
         <object_component_ref idref="oc-83"/>
      </symbol>
      <symbol id="sm-565">
         <name>fmcECCcheck</name>
         <value>0x1798</value>
         <object_component_ref idref="oc-83"/>
      </symbol>
      <symbol id="sm-566">
         <name>fmcBus2Check</name>
         <value>0x175c</value>
         <object_component_ref idref="oc-83"/>
      </symbol>
      <symbol id="sm-567">
         <name>checkRAMUERRTest</name>
         <value>0x305c</value>
         <object_component_ref idref="oc-83"/>
      </symbol>
      <symbol id="sm-568">
         <name>efcStuckZeroTest</name>
         <value>0x15e8</value>
         <object_component_ref idref="oc-83"/>
      </symbol>
      <symbol id="sm-569">
         <name>checkPLL2Slip</name>
         <value>0x2e8c</value>
         <object_component_ref idref="oc-83"/>
      </symbol>
      <symbol id="sm-59d">
         <name>_c_int00</name>
         <value>0x87cc</value>
         <object_component_ref idref="oc-1d"/>
      </symbol>
      <symbol id="sm-59e">
         <name>handlePLLLockFail</name>
         <value>0x9690</value>
         <object_component_ref idref="oc-77"/>
      </symbol>
      <symbol id="sm-635">
         <name>vimChannelMap</name>
         <value>0x5338</value>
         <object_component_ref idref="oc-40"/>
      </symbol>
      <symbol id="sm-636">
         <name>vimInit</name>
         <value>0x5264</value>
         <object_component_ref idref="oc-40"/>
      </symbol>
      <symbol id="sm-637">
         <name>vimEnableInterrupt</name>
         <value>0x53dc</value>
         <object_component_ref idref="oc-40"/>
      </symbol>
      <symbol id="sm-638">
         <name>vimDisableInterrupt</name>
         <value>0x5534</value>
         <object_component_ref idref="oc-40"/>
      </symbol>
      <symbol id="sm-639">
         <name>vimGetConfigValue</name>
         <value>0x55b8</value>
         <object_component_ref idref="oc-40"/>
      </symbol>
      <symbol id="sm-63a">
         <name>vimParityErrorHandler</name>
         <value>0x8a78</value>
         <object_component_ref idref="oc-3d"/>
      </symbol>
      <symbol id="sm-695">
         <name>systemGetConfigValue</name>
         <value>0x3f88</value>
         <object_component_ref idref="oc-7d"/>
      </symbol>
      <symbol id="sm-696">
         <name>trimLPO</name>
         <value>0x3c5c</value>
         <object_component_ref idref="oc-7d"/>
      </symbol>
      <symbol id="sm-697">
         <name>systemInit</name>
         <value>0x3e8c</value>
         <object_component_ref idref="oc-7d"/>
      </symbol>
      <symbol id="sm-698">
         <name>customTrimLPO</name>
         <value>0x4684</value>
         <object_component_ref idref="oc-7d"/>
      </symbol>
      <symbol id="sm-699">
         <name>tcmflashGetConfigValue</name>
         <value>0x439c</value>
         <object_component_ref idref="oc-7d"/>
      </symbol>
      <symbol id="sm-69a">
         <name>sramGetConfigValue</name>
         <value>0x4548</value>
         <object_component_ref idref="oc-7d"/>
      </symbol>
      <symbol id="sm-69b">
         <name>periphInit</name>
         <value>0x3d10</value>
         <object_component_ref idref="oc-7d"/>
      </symbol>
      <symbol id="sm-69c">
         <name>setupFlash</name>
         <value>0x3cd0</value>
         <object_component_ref idref="oc-7d"/>
      </symbol>
      <symbol id="sm-69d">
         <name>setupPLL</name>
         <value>0x3bfc</value>
         <object_component_ref idref="oc-7d"/>
      </symbol>
      <symbol id="sm-69e">
         <name>mapClocks</name>
         <value>0x3d64</value>
         <object_component_ref idref="oc-7d"/>
      </symbol>
      <symbol id="sm-69f">
         <name>systemPowerDown</name>
         <value>0x3f58</value>
         <object_component_ref idref="oc-7d"/>
      </symbol>
      <symbol id="sm-6b6">
         <name>Fapi_serviceWatchdogTimer</name>
         <value>0x8002000</value>
         <object_component_ref idref="oc-3a7"/>
      </symbol>
      <symbol id="sm-6d5">
         <name>CheckForceUpdate</name>
         <value>0x93b8</value>
         <object_component_ref idref="oc-134"/>
      </symbol>
      <symbol id="sm-6d6">
         <name>CheckGPIOForceUpdate</name>
         <value>0x9344</value>
         <object_component_ref idref="oc-134"/>
      </symbol>
      <symbol id="sm-72f">
         <name>UpdaterCAN</name>
         <value>0x5eb0</value>
         <object_component_ref idref="oc-13a"/>
      </symbol>
      <symbol id="sm-730">
         <name>ConfigureCANDevice</name>
         <value>0x6280</value>
         <object_component_ref idref="oc-13a"/>
      </symbol>
      <symbol id="sm-79a">
         <name>g_ucStartBank</name>
         <value>0x800341d</value>
      </symbol>
      <symbol id="sm-79b">
         <name>g_ucEndBank</name>
         <value>0x800341c</value>
      </symbol>
      <symbol id="sm-79c">
         <name>Flash_Erase_Check</name>
         <value>0x8002608</value>
         <object_component_ref idref="oc-207"/>
      </symbol>
      <symbol id="sm-79d">
         <name>Fapi_BlockRead</name>
         <value>0x8002654</value>
         <object_component_ref idref="oc-207"/>
      </symbol>
      <symbol id="sm-79e">
         <name>Flash_Program_Check</name>
         <value>0x80025b8</value>
         <object_component_ref idref="oc-207"/>
      </symbol>
      <symbol id="sm-79f">
         <name>Fapi_Init</name>
         <value>0x8002170</value>
         <object_component_ref idref="oc-207"/>
      </symbol>
      <symbol id="sm-7a0">
         <name>g_ulBankInitialized</name>
         <value>0x8003450</value>
         <object_component_ref idref="oc-2c4"/>
      </symbol>
      <symbol id="sm-7a1">
         <name>flash_sector</name>
         <value>0x8002f00</value>
         <object_component_ref idref="oc-2c1"/>
      </symbol>
      <symbol id="sm-7a2">
         <name>Fapi_BlockErase</name>
         <value>0x8002220</value>
         <object_component_ref idref="oc-207"/>
      </symbol>
      <symbol id="sm-7a3">
         <name>BLInternalFlashSizeGet</name>
         <value>0x8002030</value>
         <object_component_ref idref="oc-207"/>
      </symbol>
      <symbol id="sm-7a4">
         <name>Fapi_BlockProgram</name>
         <value>0x8002404</value>
         <object_component_ref idref="oc-207"/>
      </symbol>
      <symbol id="sm-7a5">
         <name>Fapi_UpdateStatusProgram</name>
         <value>0x800251c</value>
         <object_component_ref idref="oc-207"/>
      </symbol>
      <symbol id="sm-7a6">
         <name>BLInternalFlashStartAddrCheck</name>
         <value>0x8002058</value>
         <object_component_ref idref="oc-207"/>
      </symbol>
      <symbol id="sm-7a7">
         <name>BLInternalFlashFirstSectorSizeGet</name>
         <value>0x8002008</value>
         <object_component_ref idref="oc-207"/>
      </symbol>
      <symbol id="sm-7c5">
         <name>run_LED_StartUp</name>
         <value>0x9414</value>
         <object_component_ref idref="oc-20d"/>
      </symbol>
      <symbol id="sm-7f4">
         <name>g_ulTransferSize</name>
         <value>0x8003418</value>
      </symbol>
      <symbol id="sm-7f5">
         <name>g_ulTransferAddress</name>
         <value>0x8003414</value>
      </symbol>
      <symbol id="sm-7f6">
         <name>g_pulDataBuffer</name>
         <value>0x80032dc</value>
      </symbol>
      <symbol id="sm-7f7">
         <name>g_ulUpdateStatusAddr</name>
         <value>0x8003448</value>
         <object_component_ref idref="oc-202"/>
      </symbol>
      <symbol id="sm-7f8">
         <name>main</name>
         <value>0x8d40</value>
         <object_component_ref idref="oc-90"/>
      </symbol>
      <symbol id="sm-7f9">
         <name>delay</name>
         <value>0x8d08</value>
         <object_component_ref idref="oc-90"/>
      </symbol>
      <symbol id="sm-7fa">
         <name>g_pulUpdateSuccess</name>
         <value>0x8003420</value>
         <object_component_ref idref="oc-140"/>
      </symbol>
      <symbol id="sm-7fb">
         <name>g_ulUpdateBufferSize</name>
         <value>0x800344c</value>
         <object_component_ref idref="oc-202"/>
      </symbol>
      <symbol id="sm-852">
         <name>UART_getChar</name>
         <value>0x6f74</value>
         <object_component_ref idref="oc-12e"/>
      </symbol>
      <symbol id="sm-853">
         <name>UART_txByte</name>
         <value>0x7050</value>
         <object_component_ref idref="oc-12e"/>
      </symbol>
      <symbol id="sm-854">
         <name>UART_rxByte</name>
         <value>0x6fd8</value>
         <object_component_ref idref="oc-12e"/>
      </symbol>
      <symbol id="sm-855">
         <name>UART_putChar</name>
         <value>0x71f0</value>
         <object_component_ref idref="oc-12e"/>
      </symbol>
      <symbol id="sm-856">
         <name>UART_putString</name>
         <value>0x71b0</value>
         <object_component_ref idref="oc-12e"/>
      </symbol>
      <symbol id="sm-857">
         <name>UART_getKey</name>
         <value>0x6f38</value>
         <object_component_ref idref="oc-12e"/>
      </symbol>
      <symbol id="sm-858">
         <name>Int2Str</name>
         <value>0x6ac8</value>
         <object_component_ref idref="oc-12e"/>
      </symbol>
      <symbol id="sm-859">
         <name>UART_send32BitData</name>
         <value>0x7110</value>
         <object_component_ref idref="oc-12e"/>
      </symbol>
      <symbol id="sm-85a">
         <name>Str2Int</name>
         <value>0x6bbc</value>
         <object_component_ref idref="oc-12e"/>
      </symbol>
      <symbol id="sm-85b">
         <name>U32toStr</name>
         <value>0x7084</value>
         <object_component_ref idref="oc-12e"/>
      </symbol>
      <symbol id="sm-882">
         <name>Fapi_issueAsyncCommandWithAddress</name>
         <value>0x8002ddd</value>
         <object_component_ref idref="oc-2af"/>
      </symbol>
      <symbol id="sm-893">
         <name>Fapi_enableMainBankSectors</name>
         <value>0x8002c51</value>
         <object_component_ref idref="oc-2a9"/>
      </symbol>
      <symbol id="sm-8b6">
         <name>Fapi_initializeFlashBanks</name>
         <value>0x80026fd</value>
         <object_component_ref idref="oc-29d"/>
      </symbol>
      <symbol id="sm-8c5">
         <name>_Fapi_issueFsmCommand</name>
         <value>0x8002d69</value>
         <object_component_ref idref="oc-33c"/>
      </symbol>
      <symbol id="sm-8e2">
         <name>_scaleMainFclk</name>
         <value>0x8002edd</value>
         <object_component_ref idref="oc-319"/>
      </symbol>
      <symbol id="sm-8e3">
         <name>_scaleEEFclk</name>
         <value>0x8002ecd</value>
         <object_component_ref idref="oc-31f"/>
      </symbol>
      <symbol id="sm-8fd">
         <name>Fapi_setActiveFlashBank</name>
         <value>0x800295d</value>
         <object_component_ref idref="oc-2a3"/>
      </symbol>
      <symbol id="sm-920">
         <name>Fapi_issueProgrammingCommand</name>
         <value>0x8002ad9</value>
         <object_component_ref idref="oc-2b5"/>
      </symbol>
      <symbol id="sm-930">
         <name>Fapi_doMarginReadByByte</name>
         <value>0x8002d29</value>
         <object_component_ref idref="oc-2bb"/>
      </symbol>
      <symbol id="sm-93e">
         <name>_Fapi_checkWdService</name>
         <value>0x8002eed</value>
         <object_component_ref idref="oc-357"/>
      </symbol>
      <symbol id="sm-94d">
         <name>Fapi_calculateEcc</name>
         <value>0x8002ea9</value>
         <object_component_ref idref="oc-344"/>
      </symbol>
      <symbol id="sm-95c">
         <name>Fapi_calculateFletcherChecksum</name>
         <value>0x8002da5</value>
         <object_component_ref idref="oc-30d"/>
      </symbol>
      <symbol id="sm-96b">
         <name>Fapi_getNumberOfBankSectors</name>
         <value>0x8002ebd</value>
         <object_component_ref idref="oc-334"/>
      </symbol>
      <symbol id="sm-988">
         <name>_Fapi_enterMarginMode</name>
         <value>0x8002cc1</value>
         <object_component_ref idref="oc-351"/>
      </symbol>
      <symbol id="sm-989">
         <name>_Fapi_exitMarginMode</name>
         <value>0x8002e3d</value>
         <object_component_ref idref="oc-35d"/>
      </symbol>
      <symbol id="sm-996">
         <name>Fapi_flushPipeline</name>
         <value>0x8002e69</value>
         <object_component_ref idref="oc-39f"/>
      </symbol>
      <symbol id="sm-9a6">
         <name>Fapi_waitDelay</name>
         <value>0x8002e0d</value>
         <object_component_ref idref="oc-3be"/>
      </symbol>
      <symbol id="sm-9cd">
         <name>floorl</name>
         <value>0x9185</value>
         <object_component_ref idref="oc-1ef"/>
      </symbol>
      <symbol id="sm-9ce">
         <name>floor</name>
         <value>0x9185</value>
         <object_component_ref idref="oc-1ef"/>
      </symbol>
      <symbol id="sm-9e9">
         <name>memcpy</name>
         <value>0x94cd</value>
         <object_component_ref idref="oc-54"/>
      </symbol>
      <symbol id="sm-9ea">
         <name>__aeabi_memcpy</name>
         <value>0x94cd</value>
         <object_component_ref idref="oc-54"/>
      </symbol>
      <symbol id="sm-9eb">
         <name>__aeabi_memcpy8</name>
         <value>0x94cd</value>
         <object_component_ref idref="oc-54"/>
      </symbol>
      <symbol id="sm-9ec">
         <name>__aeabi_memcpy4</name>
         <value>0x94cd</value>
         <object_component_ref idref="oc-54"/>
      </symbol>
      <symbol id="sm-9f8">
         <name>__aeabi_uidivmod</name>
         <value>0x95d4</value>
         <object_component_ref idref="oc-1fa"/>
      </symbol>
      <symbol id="sm-9f9">
         <name>__aeabi_uidiv</name>
         <value>0x95d4</value>
         <object_component_ref idref="oc-1fa"/>
      </symbol>
      <symbol id="sm-a21">
         <name>__TI_auto_init_nobinit_nopinit</name>
         <value>0x9625</value>
         <object_component_ref idref="oc-f8"/>
      </symbol>
      <symbol id="sm-a36">
         <name>__TI_zero_init_nomemset</name>
         <value>0x9669</value>
         <object_component_ref idref="oc-60"/>
      </symbol>
      <symbol id="sm-a4d">
         <name>__TI_decompress_none</name>
         <value>0x967b</value>
         <object_component_ref idref="oc-16"/>
      </symbol>
      <symbol id="sm-a70">
         <name>__TI_decompress_lzss</name>
         <value>0x9569</value>
         <object_component_ref idref="oc-10"/>
      </symbol>
      <symbol id="sm-a7b">
         <name>C$$EXIT</name>
         <value>0x9689</value>
         <object_component_ref idref="oc-14c"/>
      </symbol>
      <symbol id="sm-a7c">
         <name>abort</name>
         <value>0x9689</value>
         <object_component_ref idref="oc-14c"/>
      </symbol>
      <symbol id="sm-a87">
         <name>__aeabi_idiv0</name>
         <value>0x9695</value>
         <object_component_ref idref="oc-291"/>
      </symbol>
      <symbol id="sm-a88">
         <name>__aeabi_ldiv0</name>
         <value>0x9695</value>
         <object_component_ref idref="oc-291"/>
      </symbol>
      <symbol id="sm-a8a">
         <name>__TI_static_base__</name>
         <value>0x0</value>
      </symbol>
      <symbol id="sm-a92">
         <name>SHT$$INIT_ARRAY$$Base</name>
         <value>0x0</value>
      </symbol>
      <symbol id="sm-a93">
         <name>SHT$$INIT_ARRAY$$Limit</name>
         <value>0x0</value>
      </symbol>
      <symbol id="sm-a94">
         <name>_system_post_cinit</name>
         <value>0x0</value>
      </symbol>
   </symbol_table>
   <title>Link successful</title>
</link_info>
